<?xml version="1.0" encoding="UTF-8"?>
<OmniDataTransform xmlns="http://soap.sforce.com/2006/04/metadata">
    <active>true</active>
    <assignmentRulesUsed>false</assignmentRulesUsed>
    <deletedOnSuccess>false</deletedOnSuccess>
    <description>Creates the action plans based on the previously retrieved template Ids for the RegE process.</description>
    <errorIgnored>false</errorIgnored>
    <expectedInputJson>{
  &quot;caseId&quot; : &quot;x&quot;,
  &quot;Name&quot; : &quot;y&quot;,
  &quot;actionPlanTemplateVersionId&quot; : &quot;z&quot;
}</expectedInputJson>
    <fieldLevelSecurityEnabled>false</fieldLevelSecurityEnabled>
    <inputType>JSON</inputType>
    <name>createRetailOnboardingActionPlan</name>
    <nullInputsIncludedInOutput>false</nullInputsIncludedInOutput>
    <omniDataTransformItem>
        <disabled>false</disabled>
        <filterGroup>0.0</filterGroup>
        <filterOperator>=</filterOperator>
        <globalKey>68f5a20e-618f-4a96-aef7-cd3c6a577653</globalKey>
        <inputObjectQuerySequence>0.0</inputObjectQuerySequence>
        <linkedObjectSequence>0.0</linkedObjectSequence>
        <migrationValue>FAKEMAPPING</migrationValue>
        <name>createRetailOnboardingActionPlan</name>
        <outputCreationSequence>1.0</outputCreationSequence>
        <outputFieldName>Id</outputFieldName>
        <outputObjectName>ActionPlan</outputObjectName>
        <requiredForUpsert>false</requiredForUpsert>
        <upsertKey>false</upsertKey>
    </omniDataTransformItem>
    <omniDataTransformItem>
        <defaultValue>Retail Onboarding</defaultValue>
        <disabled>false</disabled>
        <filterGroup>0.0</filterGroup>
        <globalKey>95ffe862-0084-4957-b67a-1e22d766b377</globalKey>
        <inputObjectQuerySequence>0.0</inputObjectQuerySequence>
        <linkedObjectSequence>0.0</linkedObjectSequence>
        <name>createRetailOnboardingActionPlan</name>
        <outputCreationSequence>1.0</outputCreationSequence>
        <outputFieldName>Name</outputFieldName>
        <outputObjectName>ActionPlan</outputObjectName>
        <requiredForUpsert>false</requiredForUpsert>
        <upsertKey>true</upsertKey>
    </omniDataTransformItem>
    <omniDataTransformItem>
        <defaultValue>Industries</defaultValue>
        <disabled>false</disabled>
        <filterGroup>0.0</filterGroup>
        <globalKey>f8b8fc5b-7370-4e40-a191-81a9a7819126</globalKey>
        <inputObjectQuerySequence>0.0</inputObjectQuerySequence>
        <linkedObjectSequence>0.0</linkedObjectSequence>
        <name>createRetailOnboardingActionPlan</name>
        <outputCreationSequence>1.0</outputCreationSequence>
        <outputFieldName>ActionPlanType</outputFieldName>
        <outputObjectName>ActionPlan</outputObjectName>
        <requiredForUpsert>false</requiredForUpsert>
        <upsertKey>false</upsertKey>
    </omniDataTransformItem>
    <omniDataTransformItem>
        <disabled>false</disabled>
        <filterGroup>0.0</filterGroup>
        <globalKey>7b3778fa-af89-4d6a-b03b-483676cb077f</globalKey>
        <inputFieldName>actionPlanTemplateVersionName</inputFieldName>
        <inputObjectQuerySequence>0.0</inputObjectQuerySequence>
        <linkedObjectSequence>0.0</linkedObjectSequence>
        <lookupByFieldName>Name</lookupByFieldName>
        <lookupObjectName>ActionPlanTemplateVersion</lookupObjectName>
        <lookupReturnedFieldName>Id</lookupReturnedFieldName>
        <name>createRetailOnboardingActionPlan</name>
        <outputCreationSequence>1.0</outputCreationSequence>
        <outputFieldName>ActionPlanTemplateVersionId</outputFieldName>
        <outputObjectName>ActionPlan</outputObjectName>
        <requiredForUpsert>false</requiredForUpsert>
        <upsertKey>false</upsertKey>
    </omniDataTransformItem>
    <omniDataTransformItem>
        <defaultValue>Final</defaultValue>
        <disabled>false</disabled>
        <filterGroup>0.0</filterGroup>
        <globalKey>1e88cc75-9adb-4137-82c2-7c1174c15020</globalKey>
        <inputObjectQuerySequence>0.0</inputObjectQuerySequence>
        <linkedObjectSequence>0.0</linkedObjectSequence>
        <lookupByFieldName>Status</lookupByFieldName>
        <lookupObjectName>ActionPlanTemplateVersion</lookupObjectName>
        <lookupReturnedFieldName>Id</lookupReturnedFieldName>
        <name>createRetailOnboardingActionPlan</name>
        <outputCreationSequence>1.0</outputCreationSequence>
        <outputFieldName>ActionPlanTemplateVersionId</outputFieldName>
        <outputObjectName>ActionPlan</outputObjectName>
        <requiredForUpsert>false</requiredForUpsert>
        <upsertKey>false</upsertKey>
    </omniDataTransformItem>
    <omniDataTransformItem>
        <disabled>false</disabled>
        <filterGroup>0.0</filterGroup>
        <globalKey>a0f8f303-2f57-48d4-b2f1-58ac4261ef01</globalKey>
        <inputObjectQuerySequence>0.0</inputObjectQuerySequence>
        <linkedObjectSequence>0.0</linkedObjectSequence>
        <name>createRetailOnboardingActionPlan</name>
        <outputCreationSequence>1.0</outputCreationSequence>
        <outputFieldName>Id</outputFieldName>
        <outputObjectName>ActionPlan</outputObjectName>
        <requiredForUpsert>false</requiredForUpsert>
        <upsertKey>false</upsertKey>
    </omniDataTransformItem>
    <omniDataTransformItem>
        <disabled>false</disabled>
        <filterGroup>0.0</filterGroup>
        <globalKey>9613c95b-35a5-438b-b32a-312a683908d9</globalKey>
        <inputFieldName>caseId</inputFieldName>
        <inputObjectQuerySequence>0.0</inputObjectQuerySequence>
        <linkedObjectSequence>0.0</linkedObjectSequence>
        <name>createRetailOnboardingActionPlan</name>
        <outputCreationSequence>1.0</outputCreationSequence>
        <outputFieldName>TargetId</outputFieldName>
        <outputObjectName>ActionPlan</outputObjectName>
        <requiredForUpsert>false</requiredForUpsert>
        <upsertKey>true</upsertKey>
    </omniDataTransformItem>
    <omniDataTransformItem>
        <defaultValue>$Vlocity.TODAY</defaultValue>
        <disabled>false</disabled>
        <filterGroup>0.0</filterGroup>
        <globalKey>d7925fd9-d3b9-4108-a956-3bdfbee52d20</globalKey>
        <inputObjectQuerySequence>0.0</inputObjectQuerySequence>
        <linkedObjectSequence>0.0</linkedObjectSequence>
        <name>createRetailOnboardingActionPlan</name>
        <outputCreationSequence>1.0</outputCreationSequence>
        <outputFieldName>StartDate</outputFieldName>
        <outputObjectName>ActionPlan</outputObjectName>
        <requiredForUpsert>false</requiredForUpsert>
        <upsertKey>false</upsertKey>
    </omniDataTransformItem>
    <outputType>SObject</outputType>
    <previewJsonData>{
  &quot;templateVersionId&quot; : &quot;0PT5f000000sulFGAQ&quot;,
  &quot;Name&quot; : &quot;Provisional Credit - Ad&quot;,
  &quot;caseId&quot; : &quot;5005f00000HvPg2AAF&quot;
}</previewJsonData>
    <processSuperBulk>false</processSuperBulk>
    <responseCacheTtlMinutes>0.0</responseCacheTtlMinutes>
    <rollbackOnError>false</rollbackOnError>
    <sourceObject>json</sourceObject>
    <sourceObjectDefault>false</sourceObjectDefault>
    <synchronousProcessThreshold>0.0</synchronousProcessThreshold>
    <type>Load</type>
    <uniqueName>createRetailOnboardingActionPlan_1</uniqueName>
    <versionNumber>1.0</versionNumber>
    <xmlDeclarationRemoved>false</xmlDeclarationRemoved>
</OmniDataTransform>
