<?xml version="1.0" encoding="UTF-8"?>
<OmniDataTransform xmlns="http://soap.sforce.com/2006/04/metadata">
    <active>true</active>
    <assignmentRulesUsed>false</assignmentRulesUsed>
    <deletedOnSuccess>false</deletedOnSuccess>
    <errorIgnored>false</errorIgnored>
    <fieldLevelSecurityEnabled>false</fieldLevelSecurityEnabled>
    <inputType>JSON</inputType>
    <name>createAccountSupportCase</name>
    <nullInputsIncludedInOutput>false</nullInputsIncludedInOutput>
    <omniDataTransformItem>
        <disabled>false</disabled>
        <filterGroup>0.0</filterGroup>
        <globalKey>edc3318b-8596-4b88-8840-0751ab5686ed</globalKey>
        <inputFieldName>additionalFields</inputFieldName>
        <inputObjectQuerySequence>0.0</inputObjectQuerySequence>
        <linkedObjectSequence>0.0</linkedObjectSequence>
        <name>createAccountSupportCase</name>
        <outputCreationSequence>1.0</outputCreationSequence>
        <outputFieldFormat>Object</outputFieldFormat>
        <outputFieldName>vlocity_ins__InteractionNotes__c</outputFieldName>
        <outputObjectName>Case</outputObjectName>
        <requiredForUpsert>false</requiredForUpsert>
        <upsertKey>false</upsertKey>
    </omniDataTransformItem>
    <omniDataTransformItem>
        <disabled>false</disabled>
        <filterGroup>0.0</filterGroup>
        <globalKey>9e965a48-e771-4a78-b5a4-14423e97bcf0</globalKey>
        <inputFieldName>CaseFinancialAccountNumber</inputFieldName>
        <inputObjectQuerySequence>0.0</inputObjectQuerySequence>
        <linkedObjectSequence>0.0</linkedObjectSequence>
        <name>createAccountSupportCase</name>
        <outputCreationSequence>1.0</outputCreationSequence>
        <outputFieldName>Card_Number__c</outputFieldName>
        <outputObjectName>Case</outputObjectName>
        <requiredForUpsert>false</requiredForUpsert>
        <upsertKey>false</upsertKey>
    </omniDataTransformItem>
    <omniDataTransformItem>
        <disabled>false</disabled>
        <filterGroup>0.0</filterGroup>
        <globalKey>c1a5bfcf-855f-4b8f-86e4-b12e1bb14fb6</globalKey>
        <inputFieldName>CaseTrxId</inputFieldName>
        <inputObjectQuerySequence>0.0</inputObjectQuerySequence>
        <linkedObjectSequence>0.0</linkedObjectSequence>
        <name>createAccountSupportCase</name>
        <outputCreationSequence>1.0</outputCreationSequence>
        <outputFieldName>TransactionId</outputFieldName>
        <outputObjectName>Case</outputObjectName>
        <requiredForUpsert>false</requiredForUpsert>
        <upsertKey>false</upsertKey>
    </omniDataTransformItem>
    <omniDataTransformItem>
        <disabled>false</disabled>
        <filterGroup>0.0</filterGroup>
        <globalKey>f3d9bde0-4926-4605-980f-16fb5d32b291</globalKey>
        <inputFieldName>CaseRegEFlag</inputFieldName>
        <inputObjectQuerySequence>0.0</inputObjectQuerySequence>
        <linkedObjectSequence>0.0</linkedObjectSequence>
        <name>createAccountSupportCase</name>
        <outputCreationSequence>1.0</outputCreationSequence>
        <outputFieldFormat>Boolean</outputFieldFormat>
        <outputFieldName>Subject_to_Reg_E__c</outputFieldName>
        <outputObjectName>Case</outputObjectName>
        <requiredForUpsert>false</requiredForUpsert>
        <upsertKey>false</upsertKey>
    </omniDataTransformItem>
    <omniDataTransformItem>
        <defaultValue>Transaction Dispute</defaultValue>
        <disabled>false</disabled>
        <filterGroup>0.0</filterGroup>
        <globalKey>ee123e0c-473f-42bd-be76-90d3f8e13064</globalKey>
        <inputObjectQuerySequence>0.0</inputObjectQuerySequence>
        <linkedObjectSequence>0.0</linkedObjectSequence>
        <name>createAccountSupportCase</name>
        <outputCreationSequence>1.0</outputCreationSequence>
        <outputFieldName>Subject</outputFieldName>
        <outputObjectName>Case</outputObjectName>
        <requiredForUpsert>false</requiredForUpsert>
        <upsertKey>false</upsertKey>
    </omniDataTransformItem>
    <omniDataTransformItem>
        <disabled>false</disabled>
        <filterGroup>0.0</filterGroup>
        <globalKey>96c41cea-316d-4a6c-8ebe-84e79327e64b</globalKey>
        <inputFieldName>CaseSLAStartDate</inputFieldName>
        <inputObjectQuerySequence>0.0</inputObjectQuerySequence>
        <linkedObjectSequence>0.0</linkedObjectSequence>
        <name>createAccountSupportCase</name>
        <outputCreationSequence>1.0</outputCreationSequence>
        <outputFieldName>SlaStartDate</outputFieldName>
        <outputObjectName>Case</outputObjectName>
        <requiredForUpsert>false</requiredForUpsert>
        <upsertKey>false</upsertKey>
    </omniDataTransformItem>
    <omniDataTransformItem>
        <disabled>false</disabled>
        <filterGroup>0.0</filterGroup>
        <globalKey>36b21c79-b0e6-48e9-b3de-4dc02475e84a</globalKey>
        <inputFieldName>ClaimAmount</inputFieldName>
        <inputObjectQuerySequence>0.0</inputObjectQuerySequence>
        <linkedObjectSequence>0.0</linkedObjectSequence>
        <name>createAccountSupportCase</name>
        <outputCreationSequence>1.0</outputCreationSequence>
        <outputFieldName>Requested_Amount__c</outputFieldName>
        <outputObjectName>Case</outputObjectName>
        <requiredForUpsert>false</requiredForUpsert>
        <upsertKey>false</upsertKey>
    </omniDataTransformItem>
    <omniDataTransformItem>
        <disabled>false</disabled>
        <filterGroup>0.0</filterGroup>
        <globalKey>2051eb79-fb75-4a0e-b300-8a0ddba908a9</globalKey>
        <inputFieldName>CaseRequestMethod</inputFieldName>
        <inputObjectQuerySequence>0.0</inputObjectQuerySequence>
        <linkedObjectSequence>0.0</linkedObjectSequence>
        <name>createAccountSupportCase</name>
        <outputCreationSequence>1.0</outputCreationSequence>
        <outputFieldName>Request_Method__c</outputFieldName>
        <outputObjectName>Case</outputObjectName>
        <requiredForUpsert>false</requiredForUpsert>
        <upsertKey>false</upsertKey>
    </omniDataTransformItem>
    <omniDataTransformItem>
        <disabled>false</disabled>
        <filterGroup>0.0</filterGroup>
        <globalKey>a1fb2ee9-2f5e-4226-957f-554d47a893b9</globalKey>
        <inputFieldName>CaseFinancialAccountType</inputFieldName>
        <inputObjectQuerySequence>0.0</inputObjectQuerySequence>
        <linkedObjectSequence>0.0</linkedObjectSequence>
        <name>createAccountSupportCase</name>
        <outputCreationSequence>1.0</outputCreationSequence>
        <outputFieldName>Transaction_Type__c</outputFieldName>
        <outputObjectName>Case</outputObjectName>
        <requiredForUpsert>false</requiredForUpsert>
        <upsertKey>false</upsertKey>
    </omniDataTransformItem>
    <omniDataTransformItem>
        <disabled>false</disabled>
        <filterGroup>0.0</filterGroup>
        <globalKey>6e67ef89-0031-4c2e-b1f4-d12d4287e430</globalKey>
        <inputFieldName>CaseDescription</inputFieldName>
        <inputObjectQuerySequence>0.0</inputObjectQuerySequence>
        <linkedObjectSequence>0.0</linkedObjectSequence>
        <name>createAccountSupportCase</name>
        <outputCreationSequence>1.0</outputCreationSequence>
        <outputFieldName>Description</outputFieldName>
        <outputObjectName>Case</outputObjectName>
        <requiredForUpsert>false</requiredForUpsert>
        <upsertKey>false</upsertKey>
    </omniDataTransformItem>
    <omniDataTransformItem>
        <disabled>false</disabled>
        <filterGroup>0.0</filterGroup>
        <globalKey>35628f09-55a8-45f5-9dd3-f7e2af18ea19</globalKey>
        <inputFieldName>CaseContactId</inputFieldName>
        <inputObjectQuerySequence>0.0</inputObjectQuerySequence>
        <linkedObjectSequence>0.0</linkedObjectSequence>
        <name>createAccountSupportCase</name>
        <outputCreationSequence>1.0</outputCreationSequence>
        <outputFieldName>ContactId</outputFieldName>
        <outputObjectName>Case</outputObjectName>
        <requiredForUpsert>false</requiredForUpsert>
        <upsertKey>false</upsertKey>
    </omniDataTransformItem>
    <omniDataTransformItem>
        <disabled>false</disabled>
        <filterGroup>0.0</filterGroup>
        <globalKey>28cb810a-3691-4d85-850d-aeede606719d</globalKey>
        <inputFieldName>CaseCardScriptReadToCustomer</inputFieldName>
        <inputObjectQuerySequence>0.0</inputObjectQuerySequence>
        <linkedObjectSequence>0.0</linkedObjectSequence>
        <name>createAccountSupportCase</name>
        <outputCreationSequence>1.0</outputCreationSequence>
        <outputFieldName>Card_Script_Read_To_Customer__c</outputFieldName>
        <outputObjectName>Case</outputObjectName>
        <requiredForUpsert>false</requiredForUpsert>
        <upsertKey>false</upsertKey>
    </omniDataTransformItem>
    <omniDataTransformItem>
        <disabled>false</disabled>
        <filterGroup>0.0</filterGroup>
        <globalKey>0b8bc394-cfe0-4aae-8621-ca00913c81c4</globalKey>
        <inputFieldName>CaseAccountAccess</inputFieldName>
        <inputObjectQuerySequence>0.0</inputObjectQuerySequence>
        <linkedObjectSequence>0.0</linkedObjectSequence>
        <name>createAccountSupportCase</name>
        <outputCreationSequence>1.0</outputCreationSequence>
        <outputFieldName>Account_Access__c</outputFieldName>
        <outputObjectName>Case</outputObjectName>
        <requiredForUpsert>false</requiredForUpsert>
        <upsertKey>false</upsertKey>
    </omniDataTransformItem>
    <omniDataTransformItem>
        <disabled>false</disabled>
        <filterGroup>0.0</filterGroup>
        <globalKey>37764e7e-7841-42b4-940e-e87427b8a267</globalKey>
        <inputFieldName>CaseStatementToDays</inputFieldName>
        <inputObjectQuerySequence>0.0</inputObjectQuerySequence>
        <linkedObjectSequence>0.0</linkedObjectSequence>
        <name>createAccountSupportCase</name>
        <outputCreationSequence>1.0</outputCreationSequence>
        <outputFieldName>LastStatementToReported__c</outputFieldName>
        <outputObjectName>Case</outputObjectName>
        <requiredForUpsert>false</requiredForUpsert>
        <upsertKey>false</upsertKey>
    </omniDataTransformItem>
    <omniDataTransformItem>
        <disabled>false</disabled>
        <filterGroup>0.0</filterGroup>
        <filterOperator>=</filterOperator>
        <globalKey>480438fa-c26e-4edf-a47c-0c20a19cb7cf</globalKey>
        <inputObjectQuerySequence>0.0</inputObjectQuerySequence>
        <linkedObjectSequence>0.0</linkedObjectSequence>
        <migrationValue>FAKEMAPPING</migrationValue>
        <name>createAccountSupportCase</name>
        <outputCreationSequence>1.0</outputCreationSequence>
        <outputFieldName>Id</outputFieldName>
        <outputObjectName>Case</outputObjectName>
        <requiredForUpsert>false</requiredForUpsert>
        <upsertKey>false</upsertKey>
    </omniDataTransformItem>
    <omniDataTransformItem>
        <defaultValue>New</defaultValue>
        <disabled>false</disabled>
        <filterGroup>0.0</filterGroup>
        <globalKey>5e1337db-683c-484b-9cff-51ba4d66eb60</globalKey>
        <inputObjectQuerySequence>0.0</inputObjectQuerySequence>
        <linkedObjectSequence>0.0</linkedObjectSequence>
        <name>createAccountSupportCase</name>
        <outputCreationSequence>1.0</outputCreationSequence>
        <outputFieldName>Status</outputFieldName>
        <outputObjectName>Case</outputObjectName>
        <requiredForUpsert>false</requiredForUpsert>
        <upsertKey>false</upsertKey>
    </omniDataTransformItem>
    <omniDataTransformItem>
        <disabled>false</disabled>
        <filterGroup>0.0</filterGroup>
        <globalKey>51dcd342-8a9c-4175-a739-a737cb0ff799</globalKey>
        <inputFieldName>CaseFinancialAccountId</inputFieldName>
        <inputObjectQuerySequence>0.0</inputObjectQuerySequence>
        <linkedObjectSequence>0.0</linkedObjectSequence>
        <name>createAccountSupportCase</name>
        <outputCreationSequence>1.0</outputCreationSequence>
        <outputFieldName>FinServ__FinancialAccount__c</outputFieldName>
        <outputObjectName>Case</outputObjectName>
        <requiredForUpsert>false</requiredForUpsert>
        <upsertKey>false</upsertKey>
    </omniDataTransformItem>
    <omniDataTransformItem>
        <defaultValue>Dispute Transaction RegE</defaultValue>
        <disabled>false</disabled>
        <filterGroup>0.0</filterGroup>
        <globalKey>2a218a40-77f9-4971-ae73-9ccf8dff6ffb</globalKey>
        <inputObjectQuerySequence>0.0</inputObjectQuerySequence>
        <linkedObjectSequence>0.0</linkedObjectSequence>
        <lookupByFieldName>Name</lookupByFieldName>
        <lookupObjectName>Entitlement</lookupObjectName>
        <lookupReturnedFieldName>Id</lookupReturnedFieldName>
        <name>createAccountSupportCase</name>
        <outputCreationSequence>1.0</outputCreationSequence>
        <outputFieldName>EntitlementId</outputFieldName>
        <outputObjectName>Case</outputObjectName>
        <requiredForUpsert>false</requiredForUpsert>
        <upsertKey>false</upsertKey>
    </omniDataTransformItem>
    <omniDataTransformItem>
        <disabled>false</disabled>
        <filterGroup>0.0</filterGroup>
        <globalKey>a955379a-0987-44c5-9a94-5bffb613d4e9</globalKey>
        <inputFieldName>CaseAccountId</inputFieldName>
        <inputObjectQuerySequence>0.0</inputObjectQuerySequence>
        <linkedObjectSequence>0.0</linkedObjectSequence>
        <name>createAccountSupportCase</name>
        <outputCreationSequence>1.0</outputCreationSequence>
        <outputFieldName>AccountId</outputFieldName>
        <outputObjectName>Case</outputObjectName>
        <requiredForUpsert>false</requiredForUpsert>
        <upsertKey>false</upsertKey>
    </omniDataTransformItem>
    <omniDataTransformItem>
        <defaultValue>Transaction Dispute</defaultValue>
        <disabled>false</disabled>
        <filterGroup>0.0</filterGroup>
        <globalKey>d9341450-f7f2-4427-a32e-10c51830bcc5</globalKey>
        <inputObjectQuerySequence>0.0</inputObjectQuerySequence>
        <linkedObjectSequence>0.0</linkedObjectSequence>
        <lookupByFieldName>Name</lookupByFieldName>
        <lookupObjectName>RecordType</lookupObjectName>
        <lookupReturnedFieldName>Id</lookupReturnedFieldName>
        <name>createAccountSupportCase</name>
        <outputCreationSequence>1.0</outputCreationSequence>
        <outputFieldName>RecordTypeId</outputFieldName>
        <outputObjectName>Case</outputObjectName>
        <requiredForUpsert>false</requiredForUpsert>
        <upsertKey>false</upsertKey>
    </omniDataTransformItem>
    <omniDataTransformItem>
        <defaultValue>Account Support</defaultValue>
        <disabled>false</disabled>
        <filterGroup>0.0</filterGroup>
        <globalKey>233ebdb0-4c2f-4b2e-963d-2c51460dc2eb</globalKey>
        <inputObjectQuerySequence>0.0</inputObjectQuerySequence>
        <linkedObjectSequence>0.0</linkedObjectSequence>
        <name>createAccountSupportCase</name>
        <outputCreationSequence>1.0</outputCreationSequence>
        <outputFieldName>Type</outputFieldName>
        <outputObjectName>Case</outputObjectName>
        <requiredForUpsert>false</requiredForUpsert>
        <upsertKey>false</upsertKey>
    </omniDataTransformItem>
    <omniDataTransformItem>
        <disabled>false</disabled>
        <filterGroup>0.0</filterGroup>
        <globalKey>15df0ac4-5e55-4b98-b5c1-c1829293f07d</globalKey>
        <inputFieldName>additionalFields:transactionId</inputFieldName>
        <inputObjectQuerySequence>0.0</inputObjectQuerySequence>
        <linkedObjectSequence>0.0</linkedObjectSequence>
        <name>createAccountSupportCase</name>
        <outputCreationSequence>1.0</outputCreationSequence>
        <outputFieldName>TransactionId__c</outputFieldName>
        <outputObjectName>Case</outputObjectName>
        <requiredForUpsert>false</requiredForUpsert>
        <upsertKey>false</upsertKey>
    </omniDataTransformItem>
    <omniDataTransformItem>
        <defaultValue>Medium</defaultValue>
        <disabled>false</disabled>
        <filterGroup>0.0</filterGroup>
        <globalKey>230309b4-16e7-4884-853c-6f4ee5dd5efb</globalKey>
        <inputFieldName>CasePriority</inputFieldName>
        <inputObjectQuerySequence>0.0</inputObjectQuerySequence>
        <linkedObjectSequence>0.0</linkedObjectSequence>
        <name>createAccountSupportCase</name>
        <outputCreationSequence>1.0</outputCreationSequence>
        <outputFieldName>Priority</outputFieldName>
        <outputObjectName>Case</outputObjectName>
        <requiredForUpsert>false</requiredForUpsert>
        <upsertKey>false</upsertKey>
    </omniDataTransformItem>
    <omniDataTransformItem>
        <disabled>false</disabled>
        <filterGroup>0.0</filterGroup>
        <globalKey>75e2ed9d-0ee8-45c4-8f24-4a87ff09615b</globalKey>
        <inputFieldName>CasePINInformation</inputFieldName>
        <inputObjectQuerySequence>0.0</inputObjectQuerySequence>
        <linkedObjectSequence>0.0</linkedObjectSequence>
        <name>createAccountSupportCase</name>
        <outputCreationSequence>1.0</outputCreationSequence>
        <outputFieldName>PIN_Information__c</outputFieldName>
        <outputObjectName>Case</outputObjectName>
        <requiredForUpsert>false</requiredForUpsert>
        <upsertKey>false</upsertKey>
    </omniDataTransformItem>
    <omniDataTransformItem>
        <disabled>false</disabled>
        <filterGroup>0.0</filterGroup>
        <globalKey>87617eb0-4a32-43ea-a3ac-222c50206c07</globalKey>
        <inputFieldName>CaseOrigin</inputFieldName>
        <inputObjectQuerySequence>0.0</inputObjectQuerySequence>
        <linkedObjectSequence>0.0</linkedObjectSequence>
        <name>createAccountSupportCase</name>
        <outputCreationSequence>1.0</outputCreationSequence>
        <outputFieldName>Origin</outputFieldName>
        <outputObjectName>Case</outputObjectName>
        <requiredForUpsert>false</requiredForUpsert>
        <upsertKey>false</upsertKey>
    </omniDataTransformItem>
    <omniDataTransformItem>
        <defaultValue>$Vlocity.NOW</defaultValue>
        <disabled>false</disabled>
        <filterGroup>0.0</filterGroup>
        <globalKey>9dea578f-549d-4a38-9f98-56168a5382b9</globalKey>
        <inputObjectQuerySequence>0.0</inputObjectQuerySequence>
        <linkedObjectSequence>0.0</linkedObjectSequence>
        <name>createAccountSupportCase</name>
        <outputCreationSequence>1.0</outputCreationSequence>
        <outputFieldName>Notification_Date__c</outputFieldName>
        <outputObjectName>Case</outputObjectName>
        <requiredForUpsert>false</requiredForUpsert>
        <upsertKey>false</upsertKey>
    </omniDataTransformItem>
    <outputType>SObject</outputType>
    <previewJsonData>{
  &quot;CaseAccountAccess&quot; : &quot;Checking &amp; Saving&quot;,
  &quot;CaseAccountId&quot; : &quot;0014W000024fX5xQAE&quot;,
  &quot;CaseCardScriptReadToCustomer&quot; : true,
  &quot;CaseContactId&quot; : &quot;0034W00002DFUmzQAH&quot;,
  &quot;CaseDescription&quot; : &quot;Fraud - SectionII; hkjhkjh&quot;,
  &quot;CaseFinancialAccountId&quot; : &quot;a4l4W0000026TmTQAU&quot;,
  &quot;CaseFinancialAccountType&quot; : &quot;Checking&quot;,
  &quot;CaseOrigin&quot; : &quot;Phone&quot;,
  &quot;CasePINInformation&quot; : &quot;Same&quot;,
  &quot;CasePriority&quot; : &quot;High&quot;,
  &quot;CaseReason&quot; : &quot;Card Replacement&quot;,
  &quot;CaseRecordTypeName&quot; : &quot;Lost Stolen Card&quot;,
  &quot;CaseRegEFlag&quot; : true,
  &quot;CaseRequestMethod&quot; : &quot;Oral&quot;,
  &quot;CaseStatementToDays&quot; : 26,
  &quot;CaseStatus&quot; : &quot;Lost - on hold&quot;,
  &quot;CaseSubject&quot; : &quot;Card Replacement&quot;,
  &quot;additionalFields&quot; : {
    &quot;OrderDispute&quot; : &quot;Yes&quot;,
    &quot;PortionDisputed&quot; : 89,
    &quot;RecurringCharge&quot; : &quot;No&quot;,
    &quot;SectionChosen&quot; : &quot;SectionII&quot;,
    &quot;SubscriptionCharge&quot; : &quot;Yes&quot;,
    &quot;SuspiciousActivity&quot; : &quot;No&quot;,
    &quot;TransactionId&quot; : &quot;100115011&quot;,
    &quot;TrxDate&quot; : &quot;2020-08-31&quot;,
    &quot;TrxDescription&quot; : &quot;GINOS PIZZA&quot;,
    &quot;TrxSourceCode&quot; : &quot;DEB&quot;,
    &quot;TrxWithdrawalAmt&quot; : 567.89
  }
}</previewJsonData>
    <processSuperBulk>false</processSuperBulk>
    <responseCacheTtlMinutes>0.0</responseCacheTtlMinutes>
    <rollbackOnError>false</rollbackOnError>
    <sourceObject>json</sourceObject>
    <sourceObjectDefault>false</sourceObjectDefault>
    <synchronousProcessThreshold>-1.0</synchronousProcessThreshold>
    <type>Load</type>
    <uniqueName>createAccountSupportCase_1</uniqueName>
    <versionNumber>1.0</versionNumber>
    <xmlDeclarationRemoved>false</xmlDeclarationRemoved>
</OmniDataTransform>
