<?xml version="1.0" encoding="UTF-8"?>
<OmniDataTransform xmlns="http://soap.sforce.com/2006/04/metadata">
    <active>false</active>
    <assignmentRulesUsed>false</assignmentRulesUsed>
    <deletedOnSuccess>false</deletedOnSuccess>
    <description>2024-04-02 szerby.  Cloned from ExtractDomain</description>
    <errorIgnored>false</errorIgnored>
    <fieldLevelSecurityEnabled>false</fieldLevelSecurityEnabled>
    <inputType>JSON</inputType>
    <name>FINSSharedExtractDomain</name>
    <nullInputsIncludedInOutput>false</nullInputsIncludedInOutput>
    <omniDataTransformItem>
        <disabled>false</disabled>
        <filterGroup>0.0</filterGroup>
        <filterOperator>&lt;&gt;</filterOperator>
        <filterValue>&apos;&apos;</filterValue>
        <globalKey>FINSSharedExtractDomainCustom0jIao0000003dCvEAIItem2</globalKey>
        <inputFieldName>Domain</inputFieldName>
        <inputObjectName>Domain</inputObjectName>
        <inputObjectQuerySequence>1.0</inputObjectQuerySequence>
        <linkedObjectSequence>0.0</linkedObjectSequence>
        <name>FINSSharedExtractDomain</name>
        <outputCreationSequence>0.0</outputCreationSequence>
        <outputFieldName>Domain</outputFieldName>
        <outputObjectName>json</outputObjectName>
        <requiredForUpsert>false</requiredForUpsert>
        <upsertKey>false</upsertKey>
    </omniDataTransformItem>
    <omniDataTransformItem>
        <disabled>false</disabled>
        <filterGroup>0.0</filterGroup>
        <filterOperator>LIMIT</filterOperator>
        <filterValue>1</filterValue>
        <globalKey>FINSSharedExtractDomainCustom0jIao0000003dCvEAIItem3</globalKey>
        <inputObjectName>Domain</inputObjectName>
        <inputObjectQuerySequence>1.0</inputObjectQuerySequence>
        <linkedObjectSequence>0.0</linkedObjectSequence>
        <name>FINSSharedExtractDomain</name>
        <outputCreationSequence>0.0</outputCreationSequence>
        <outputFieldName>Domain</outputFieldName>
        <outputObjectName>json</outputObjectName>
        <requiredForUpsert>false</requiredForUpsert>
        <upsertKey>false</upsertKey>
    </omniDataTransformItem>
    <omniDataTransformItem>
        <disabled>false</disabled>
        <filterGroup>0.0</filterGroup>
        <formulaConverted>| | var:Domain:Domain 0 var:pos SUBSTRING &quot;.lightning.force.com&quot; CONCAT</formulaConverted>
        <formulaExpression>CONCAT(SUBSTRING(%Domain:Domain%,0,pos),&quot;.lightning.force.com&quot;)</formulaExpression>
        <formulaResultPath>finalURL</formulaResultPath>
        <formulaSequence>2.0</formulaSequence>
        <globalKey>FINSSharedExtractDomainCustom0jIao0000003dCvEAIItem0</globalKey>
        <inputObjectQuerySequence>0.0</inputObjectQuerySequence>
        <linkedObjectSequence>0.0</linkedObjectSequence>
        <name>FINSSharedExtractDomain</name>
        <outputCreationSequence>0.0</outputCreationSequence>
        <outputFieldName>Formula</outputFieldName>
        <outputObjectName>Formula</outputObjectName>
        <requiredForUpsert>false</requiredForUpsert>
        <upsertKey>false</upsertKey>
    </omniDataTransformItem>
    <omniDataTransformItem>
        <disabled>false</disabled>
        <filterGroup>0.0</filterGroup>
        <formulaConverted>| var:Domain:Domain &quot;.&quot; STRINGINDEXOF</formulaConverted>
        <formulaExpression>STRINGINDEXOF(%Domain:Domain%,&quot;.&quot;)</formulaExpression>
        <formulaResultPath>pos</formulaResultPath>
        <formulaSequence>1.0</formulaSequence>
        <globalKey>FINSSharedExtractDomainCustom0jIao0000003dCvEAIItem1</globalKey>
        <inputObjectQuerySequence>0.0</inputObjectQuerySequence>
        <linkedObjectSequence>0.0</linkedObjectSequence>
        <name>FINSSharedExtractDomain</name>
        <outputCreationSequence>0.0</outputCreationSequence>
        <outputFieldName>Formula</outputFieldName>
        <outputObjectName>Formula</outputObjectName>
        <requiredForUpsert>false</requiredForUpsert>
        <upsertKey>false</upsertKey>
    </omniDataTransformItem>
    <omniDataTransformItem>
        <disabled>false</disabled>
        <filterGroup>0.0</filterGroup>
        <globalKey>FINSSharedExtractDomainCustom0jIao0000003dCvEAIItem4</globalKey>
        <inputFieldName>finalURL</inputFieldName>
        <inputObjectQuerySequence>0.0</inputObjectQuerySequence>
        <linkedObjectSequence>0.0</linkedObjectSequence>
        <name>FINSSharedExtractDomain</name>
        <outputCreationSequence>1.0</outputCreationSequence>
        <outputFieldName>URL</outputFieldName>
        <outputObjectName>json</outputObjectName>
        <requiredForUpsert>false</requiredForUpsert>
        <upsertKey>false</upsertKey>
    </omniDataTransformItem>
    <outputType>JSON</outputType>
    <previewJsonData>{
  &quot;1&quot; : &quot;1&quot;
}</previewJsonData>
    <processSuperBulk>false</processSuperBulk>
    <responseCacheTtlMinutes>0.0</responseCacheTtlMinutes>
    <rollbackOnError>false</rollbackOnError>
    <sourceObject>json</sourceObject>
    <sourceObjectDefault>false</sourceObjectDefault>
    <synchronousProcessThreshold>0.0</synchronousProcessThreshold>
    <type>Extract</type>
    <uniqueName>FINSSharedExtractDomain_1</uniqueName>
    <versionNumber>1.0</versionNumber>
    <xmlDeclarationRemoved>false</xmlDeclarationRemoved>
</OmniDataTransform>
