<?xml version="1.0" encoding="UTF-8"?>
<OmniDataTransform xmlns="http://soap.sforce.com/2006/04/metadata">
    <active>true</active>
    <assignmentRulesUsed>false</assignmentRulesUsed>
    <deletedOnSuccess>false</deletedOnSuccess>
    <errorIgnored>false</errorIgnored>
    <expectedOutputJson>{
  &quot;highestSeverity&quot; : &quot;x&quot;,
  &quot;alertCount&quot; : 10,
  &quot;Alerts&quot; : [ {
    &quot;Id&quot; : &quot;0qZ7Q000000LNy5UAG&quot;,
    &quot;IsActive&quot; : true,
    &quot;WhatId&quot; : &quot;0YT7Q000000DZCAWA4&quot;,
    &quot;Severity&quot; : &quot;Info&quot;,
    &quot;Subject&quot; : &quot;Payment Due Soon&quot;,
    &quot;Description&quot; : &quot;Please review related Policy payment agreements.&quot;,
    &quot;SourceSystemIdentifier&quot; : &quot;POLICY-ADMIN&quot;,
    &quot;ValidUntilDate&quot; : &quot;2022-07-29T10:00:00.000Z&quot;,
    &quot;Snooze_Until__c&quot; : &quot;2022-07-25&quot;,
    &quot;InstanceURL&quot; : &quot;xxx&quot;
  } ]
}</expectedOutputJson>
    <fieldLevelSecurityEnabled>false</fieldLevelSecurityEnabled>
    <inputType>JSON</inputType>
    <name>getAlertsFromAccount</name>
    <nullInputsIncludedInOutput>false</nullInputsIncludedInOutput>
    <omniDataTransformItem>
        <disabled>false</disabled>
        <filterGroup>1.0</filterGroup>
        <filterOperator>=</filterOperator>
        <filterValue>accountId</filterValue>
        <globalKey>ae80e5a4-ca4d-49f3-90b7-ec2637c48080</globalKey>
        <inputFieldName>WhatId</inputFieldName>
        <inputObjectName>RecordAlert</inputObjectName>
        <inputObjectQuerySequence>1.0</inputObjectQuerySequence>
        <linkedObjectSequence>0.0</linkedObjectSequence>
        <name>getAlertsFromAccount</name>
        <outputCreationSequence>0.0</outputCreationSequence>
        <outputFieldName>ActiveAlerts</outputFieldName>
        <outputObjectName>json</outputObjectName>
        <requiredForUpsert>false</requiredForUpsert>
        <upsertKey>false</upsertKey>
    </omniDataTransformItem>
    <omniDataTransformItem>
        <disabled>false</disabled>
        <filterGroup>1.0</filterGroup>
        <filterOperator>&gt;</filterOperator>
        <filterValue>&apos;$Vlocity.TODAY&apos;</filterValue>
        <globalKey>fe5ba4e4-15ea-4a2f-93db-a8eaf461ca8b</globalKey>
        <inputFieldName>ValidUntilDate</inputFieldName>
        <inputObjectName>RecordAlert</inputObjectName>
        <inputObjectQuerySequence>1.0</inputObjectQuerySequence>
        <linkedObjectSequence>0.0</linkedObjectSequence>
        <name>getAlertsFromAccount</name>
        <outputCreationSequence>0.0</outputCreationSequence>
        <outputFieldName>ActiveAlerts</outputFieldName>
        <outputObjectName>json</outputObjectName>
        <requiredForUpsert>false</requiredForUpsert>
        <upsertKey>false</upsertKey>
    </omniDataTransformItem>
    <omniDataTransformItem>
        <disabled>false</disabled>
        <filterGroup>1.0</filterGroup>
        <filterOperator>=</filterOperator>
        <filterValue>&apos;true&apos;</filterValue>
        <globalKey>c270292d-1a37-44c7-9b34-133227d228c6</globalKey>
        <inputFieldName>IsActive</inputFieldName>
        <inputObjectName>RecordAlert</inputObjectName>
        <inputObjectQuerySequence>1.0</inputObjectQuerySequence>
        <linkedObjectSequence>0.0</linkedObjectSequence>
        <name>getAlertsFromAccount</name>
        <outputCreationSequence>0.0</outputCreationSequence>
        <outputFieldName>ActiveAlerts</outputFieldName>
        <outputObjectName>json</outputObjectName>
        <requiredForUpsert>false</requiredForUpsert>
        <upsertKey>false</upsertKey>
    </omniDataTransformItem>
    <omniDataTransformItem>
        <disabled>false</disabled>
        <filterGroup>0.0</filterGroup>
        <globalKey>6b512a92-a55e-45ea-8e9f-85e265e9960b</globalKey>
        <inputFieldName>ActiveAlerts:SourceSystemIdentifier</inputFieldName>
        <inputObjectQuerySequence>0.0</inputObjectQuerySequence>
        <linkedObjectSequence>0.0</linkedObjectSequence>
        <name>getAlertsFromAccount</name>
        <outputCreationSequence>1.0</outputCreationSequence>
        <outputFieldName>Alerts:ExternalSystemID</outputFieldName>
        <outputObjectName>json</outputObjectName>
        <requiredForUpsert>false</requiredForUpsert>
        <upsertKey>false</upsertKey>
    </omniDataTransformItem>
    <omniDataTransformItem>
        <disabled>false</disabled>
        <filterGroup>0.0</filterGroup>
        <globalKey>6033d03e-5bce-4f67-baa1-847906f820e4</globalKey>
        <inputFieldName>ActiveAlerts:ParentId</inputFieldName>
        <inputObjectQuerySequence>0.0</inputObjectQuerySequence>
        <linkedObjectSequence>0.0</linkedObjectSequence>
        <name>getAlertsFromAccount</name>
        <outputCreationSequence>1.0</outputCreationSequence>
        <outputFieldName>Alerts:accountId</outputFieldName>
        <outputObjectName>json</outputObjectName>
        <requiredForUpsert>false</requiredForUpsert>
        <upsertKey>false</upsertKey>
    </omniDataTransformItem>
    <omniDataTransformItem>
        <disabled>false</disabled>
        <filterGroup>0.0</filterGroup>
        <globalKey>d9ed3851-e42a-46aa-868d-f3557c8fd4bc</globalKey>
        <inputFieldName>ActiveAlerts:finAcct:FinServ__PrimaryOwner__r.PersonContactId</inputFieldName>
        <inputObjectQuerySequence>0.0</inputObjectQuerySequence>
        <linkedObjectSequence>0.0</linkedObjectSequence>
        <name>getAlertsFromAccount</name>
        <outputCreationSequence>1.0</outputCreationSequence>
        <outputFieldName>Alerts:contactId</outputFieldName>
        <outputObjectName>json</outputObjectName>
        <requiredForUpsert>false</requiredForUpsert>
        <upsertKey>false</upsertKey>
    </omniDataTransformItem>
    <omniDataTransformItem>
        <disabled>false</disabled>
        <filterGroup>0.0</filterGroup>
        <filterOperator>&gt;</filterOperator>
        <filterValue>&apos;$Vlocity.TODAY&apos;</filterValue>
        <globalKey>c145be01-df81-4011-89b2-2fcf60456571</globalKey>
        <inputFieldName>ValidUntilDate</inputFieldName>
        <inputObjectName>RecordAlert</inputObjectName>
        <inputObjectQuerySequence>1.0</inputObjectQuerySequence>
        <linkedObjectSequence>0.0</linkedObjectSequence>
        <name>getAlertsFromAccount</name>
        <outputCreationSequence>0.0</outputCreationSequence>
        <outputFieldName>ActiveAlerts</outputFieldName>
        <outputObjectName>json</outputObjectName>
        <requiredForUpsert>false</requiredForUpsert>
        <upsertKey>false</upsertKey>
    </omniDataTransformItem>
    <omniDataTransformItem>
        <disabled>false</disabled>
        <filterGroup>0.0</filterGroup>
        <globalKey>31f98bfe-9c2d-45ba-bd41-aa4d72947e5d</globalKey>
        <inputFieldName>ActiveAlerts:FINS_Retail_ContextJSON__c:trxdescription</inputFieldName>
        <inputObjectQuerySequence>0.0</inputObjectQuerySequence>
        <linkedObjectSequence>0.0</linkedObjectSequence>
        <name>getAlertsFromAccount</name>
        <outputCreationSequence>1.0</outputCreationSequence>
        <outputFieldName>Alerts:trxdescription</outputFieldName>
        <outputObjectName>json</outputObjectName>
        <requiredForUpsert>false</requiredForUpsert>
        <upsertKey>false</upsertKey>
    </omniDataTransformItem>
    <omniDataTransformItem>
        <disabled>false</disabled>
        <filterGroup>0.0</filterGroup>
        <globalKey>264fb61b-eded-4a89-b55b-1c788cd62744</globalKey>
        <inputFieldName>ActiveAlerts:finAcct:Alert_Reasons__c</inputFieldName>
        <inputObjectQuerySequence>0.0</inputObjectQuerySequence>
        <linkedObjectSequence>0.0</linkedObjectSequence>
        <name>getAlertsFromAccount</name>
        <outputCreationSequence>1.0</outputCreationSequence>
        <outputFieldName>Alerts:financialAccountAlertReason</outputFieldName>
        <outputObjectName>json</outputObjectName>
        <requiredForUpsert>false</requiredForUpsert>
        <upsertKey>false</upsertKey>
    </omniDataTransformItem>
    <omniDataTransformItem>
        <disabled>false</disabled>
        <filterGroup>0.0</filterGroup>
        <globalKey>e9bd0606-0391-4add-b617-0008762677df</globalKey>
        <inputFieldName>ActiveAlerts:fFinancialAccountId</inputFieldName>
        <inputObjectQuerySequence>0.0</inputObjectQuerySequence>
        <linkedObjectSequence>0.0</linkedObjectSequence>
        <name>getAlertsFromAccount</name>
        <outputCreationSequence>1.0</outputCreationSequence>
        <outputFieldName>Alerts:financialAccountId</outputFieldName>
        <outputObjectName>json</outputObjectName>
        <requiredForUpsert>false</requiredForUpsert>
        <upsertKey>false</upsertKey>
    </omniDataTransformItem>
    <omniDataTransformItem>
        <disabled>false</disabled>
        <filterGroup>0.0</filterGroup>
        <formulaConverted>| var:ActiveAlerts:What.RecordType.SobjectType &apos;FinServ__FinancialAccount__c&apos; = var:ActiveAlerts:WhatId var:null IF</formulaConverted>
        <formulaExpression>IF(ActiveAlerts:What.RecordType.SobjectType=&apos;FinServ__FinancialAccount__c&apos;, ActiveAlerts:WhatId, null)</formulaExpression>
        <formulaResultPath>ActiveAlerts:fFinancialAccountId</formulaResultPath>
        <formulaSequence>1.0</formulaSequence>
        <globalKey>14394ee9-45ad-4f81-9284-1a42ef57ff16</globalKey>
        <inputObjectQuerySequence>0.0</inputObjectQuerySequence>
        <linkedObjectSequence>0.0</linkedObjectSequence>
        <name>getAlertsFromAccount</name>
        <outputCreationSequence>0.0</outputCreationSequence>
        <outputFieldName>Formula</outputFieldName>
        <outputObjectName>Formula</outputObjectName>
        <requiredForUpsert>false</requiredForUpsert>
        <upsertKey>false</upsertKey>
    </omniDataTransformItem>
    <omniDataTransformItem>
        <disabled>false</disabled>
        <filterGroup>0.0</filterGroup>
        <globalKey>2e004fa9-d54a-431e-a246-c521b0a4a8e0</globalKey>
        <inputFieldName>ActiveAlerts:finAcct:fBillingAddress</inputFieldName>
        <inputObjectQuerySequence>0.0</inputObjectQuerySequence>
        <linkedObjectSequence>0.0</linkedObjectSequence>
        <name>getAlertsFromAccount</name>
        <outputCreationSequence>1.0</outputCreationSequence>
        <outputFieldName>Alerts:billingAddress</outputFieldName>
        <outputObjectName>json</outputObjectName>
        <requiredForUpsert>false</requiredForUpsert>
        <upsertKey>false</upsertKey>
    </omniDataTransformItem>
    <omniDataTransformItem>
        <disabled>false</disabled>
        <filterGroup>0.0</filterGroup>
        <globalKey>338b9230-d87c-4a49-b5b5-098c166ef8be</globalKey>
        <inputFieldName>fInstanceURL</inputFieldName>
        <inputObjectQuerySequence>0.0</inputObjectQuerySequence>
        <linkedObjectSequence>0.0</linkedObjectSequence>
        <name>getAlertsFromAccount</name>
        <outputCreationSequence>1.0</outputCreationSequence>
        <outputFieldName>Alerts:InstanceURL</outputFieldName>
        <outputObjectName>json</outputObjectName>
        <requiredForUpsert>false</requiredForUpsert>
        <upsertKey>false</upsertKey>
    </omniDataTransformItem>
    <omniDataTransformItem>
        <disabled>false</disabled>
        <filterGroup>0.0</filterGroup>
        <globalKey>21f83ffc-f033-4f86-bb58-1dc47677e135</globalKey>
        <inputFieldName>ActiveAlerts:finAcct:Alert__c</inputFieldName>
        <inputObjectQuerySequence>0.0</inputObjectQuerySequence>
        <linkedObjectSequence>0.0</linkedObjectSequence>
        <name>getAlertsFromAccount</name>
        <outputCreationSequence>1.0</outputCreationSequence>
        <outputFieldName>Alerts:financialAccountAlertStatus</outputFieldName>
        <outputObjectName>json</outputObjectName>
        <requiredForUpsert>false</requiredForUpsert>
        <upsertKey>false</upsertKey>
    </omniDataTransformItem>
    <omniDataTransformItem>
        <disabled>false</disabled>
        <filterGroup>0.0</filterGroup>
        <globalKey>2b94802c-8db3-4ae6-83a0-72ae81fbfe21</globalKey>
        <inputFieldName>ActiveAlerts:Severity</inputFieldName>
        <inputObjectQuerySequence>0.0</inputObjectQuerySequence>
        <linkedObjectSequence>0.0</linkedObjectSequence>
        <name>getAlertsFromAccount</name>
        <outputCreationSequence>1.0</outputCreationSequence>
        <outputFieldName>Alerts:Severity</outputFieldName>
        <outputObjectName>json</outputObjectName>
        <requiredForUpsert>false</requiredForUpsert>
        <upsertKey>false</upsertKey>
    </omniDataTransformItem>
    <omniDataTransformItem>
        <disabled>false</disabled>
        <filterGroup>0.0</filterGroup>
        <globalKey>5ab9c161-0929-4aac-b450-aa0a5381c8d7</globalKey>
        <inputFieldName>ActiveAlerts:finAcct:FinServ__FinancialAccountType__c</inputFieldName>
        <inputObjectQuerySequence>0.0</inputObjectQuerySequence>
        <linkedObjectSequence>0.0</linkedObjectSequence>
        <name>getAlertsFromAccount</name>
        <outputCreationSequence>1.0</outputCreationSequence>
        <outputFieldName>Alerts:financialAccountType</outputFieldName>
        <outputObjectName>json</outputObjectName>
        <requiredForUpsert>false</requiredForUpsert>
        <upsertKey>false</upsertKey>
    </omniDataTransformItem>
    <omniDataTransformItem>
        <disabled>false</disabled>
        <filterGroup>0.0</filterGroup>
        <globalKey>4b93a66f-bdbf-4f91-bbb8-4f962d8e37a1</globalKey>
        <inputFieldName>ActiveAlerts:finAcct:Name</inputFieldName>
        <inputObjectQuerySequence>0.0</inputObjectQuerySequence>
        <linkedObjectSequence>0.0</linkedObjectSequence>
        <name>getAlertsFromAccount</name>
        <outputCreationSequence>1.0</outputCreationSequence>
        <outputFieldName>Alerts:financialAccountName</outputFieldName>
        <outputObjectName>json</outputObjectName>
        <requiredForUpsert>false</requiredForUpsert>
        <upsertKey>false</upsertKey>
    </omniDataTransformItem>
    <omniDataTransformItem>
        <disabled>false</disabled>
        <filterGroup>0.0</filterGroup>
        <globalKey>d4a91385-4af5-44c8-bce6-6478af420401</globalKey>
        <inputFieldName>ActiveAlerts:ValidUntilDate</inputFieldName>
        <inputObjectQuerySequence>0.0</inputObjectQuerySequence>
        <linkedObjectSequence>0.0</linkedObjectSequence>
        <name>getAlertsFromAccount</name>
        <outputCreationSequence>1.0</outputCreationSequence>
        <outputFieldName>Alerts:ValidUntil</outputFieldName>
        <outputObjectName>json</outputObjectName>
        <requiredForUpsert>false</requiredForUpsert>
        <upsertKey>false</upsertKey>
    </omniDataTransformItem>
    <omniDataTransformItem>
        <disabled>false</disabled>
        <filterGroup>0.0</filterGroup>
        <globalKey>788686c7-b54f-4adf-ae57-806aba7dfc37</globalKey>
        <inputFieldName>ActiveAlerts:Subject</inputFieldName>
        <inputObjectQuerySequence>0.0</inputObjectQuerySequence>
        <linkedObjectSequence>0.0</linkedObjectSequence>
        <name>getAlertsFromAccount</name>
        <outputCreationSequence>1.0</outputCreationSequence>
        <outputFieldName>Alerts:Subject</outputFieldName>
        <outputObjectName>json</outputObjectName>
        <requiredForUpsert>false</requiredForUpsert>
        <upsertKey>false</upsertKey>
    </omniDataTransformItem>
    <omniDataTransformItem>
        <disabled>false</disabled>
        <filterGroup>0.0</filterGroup>
        <globalKey>f16f95b7-24a8-4bf5-af18-4928dcfe8b9f</globalKey>
        <inputFieldName>ActiveAlerts:fBillingAddress</inputFieldName>
        <inputObjectQuerySequence>0.0</inputObjectQuerySequence>
        <linkedObjectSequence>0.0</linkedObjectSequence>
        <name>getAlertsFromAccount</name>
        <outputCreationSequence>1.0</outputCreationSequence>
        <outputFieldName>Alerts:accountBillingAddress</outputFieldName>
        <outputObjectName>json</outputObjectName>
        <requiredForUpsert>false</requiredForUpsert>
        <upsertKey>false</upsertKey>
    </omniDataTransformItem>
    <omniDataTransformItem>
        <disabled>false</disabled>
        <filterGroup>0.0</filterGroup>
        <formulaConverted>| | var:ActiveAlerts:Id ISNOTBLANK | var:ActiveAlerts:finAcct:FinServ__PrimaryOwner__r.BillingStreet &quot;,/\/\/&quot; var:ActiveAlerts:finAcct:FinServ__PrimaryOwner__r.BillingCity &quot;,/\/\/&quot; var:ActiveAlerts:finAcct:FinServ__PrimaryOwner__r.BillingState &quot;/\/\/&quot; var:ActiveAlerts:finAcct:FinServ__PrimaryOwner__r.BillingPostalCode CONCAT var:null IF</formulaConverted>
        <formulaExpression>IF(ISNOTBLANK(ActiveAlerts:Id),CONCAT(ActiveAlerts:finAcct:FinServ__PrimaryOwner__r.BillingStreet, &quot;, &quot;, ActiveAlerts:finAcct:FinServ__PrimaryOwner__r.BillingCity, &quot;, &quot;, ActiveAlerts:finAcct:FinServ__PrimaryOwner__r.BillingState, &quot; &quot;, ActiveAlerts:finAcct:FinServ__PrimaryOwner__r.BillingPostalCode),null)</formulaExpression>
        <formulaResultPath>ActiveAlerts:finAcct:fBillingAddress</formulaResultPath>
        <formulaSequence>3.0</formulaSequence>
        <globalKey>3ac28892-7d47-4cbe-9773-309a5883da0d</globalKey>
        <inputObjectQuerySequence>0.0</inputObjectQuerySequence>
        <linkedObjectSequence>0.0</linkedObjectSequence>
        <name>getAlertsFromAccount</name>
        <outputCreationSequence>0.0</outputCreationSequence>
        <outputFieldName>Formula</outputFieldName>
        <outputObjectName>Formula</outputObjectName>
        <requiredForUpsert>false</requiredForUpsert>
        <upsertKey>false</upsertKey>
    </omniDataTransformItem>
    <omniDataTransformItem>
        <disabled>false</disabled>
        <filterGroup>0.0</filterGroup>
        <globalKey>b226b497-c6b6-4d03-be3e-dc44322b6fa0</globalKey>
        <inputFieldName>ActiveAlerts:fFraudInSubject</inputFieldName>
        <inputObjectQuerySequence>0.0</inputObjectQuerySequence>
        <linkedObjectSequence>0.0</linkedObjectSequence>
        <name>getAlertsFromAccount</name>
        <outputCreationSequence>1.0</outputCreationSequence>
        <outputFieldName>Alerts:fraudInSubject</outputFieldName>
        <outputObjectName>json</outputObjectName>
        <requiredForUpsert>false</requiredForUpsert>
        <upsertKey>false</upsertKey>
    </omniDataTransformItem>
    <omniDataTransformItem>
        <disabled>false</disabled>
        <filterGroup>0.0</filterGroup>
        <globalKey>949bb967-e452-4f12-b1bf-598d892b7f42</globalKey>
        <inputFieldName>ActiveAlerts:SnoozeUntilDate</inputFieldName>
        <inputObjectQuerySequence>0.0</inputObjectQuerySequence>
        <linkedObjectSequence>0.0</linkedObjectSequence>
        <name>getAlertsFromAccount</name>
        <outputCreationSequence>1.0</outputCreationSequence>
        <outputFieldFormat>Date(yyyy-MM-dd)</outputFieldFormat>
        <outputFieldName>Alerts:SnoozedUntil</outputFieldName>
        <outputObjectName>json</outputObjectName>
        <requiredForUpsert>false</requiredForUpsert>
        <upsertKey>false</upsertKey>
    </omniDataTransformItem>
    <omniDataTransformItem>
        <disabled>false</disabled>
        <filterGroup>0.0</filterGroup>
        <filterOperator>=</filterOperator>
        <filterValue>ActiveAlerts:WhatId</filterValue>
        <globalKey>e5b8db7a-95b8-479b-a1db-d10e54a30437</globalKey>
        <inputFieldName>Id</inputFieldName>
        <inputObjectName>FinServ__FinancialAccount__c</inputObjectName>
        <inputObjectQuerySequence>2.0</inputObjectQuerySequence>
        <linkedObjectSequence>0.0</linkedObjectSequence>
        <name>getAlertsFromAccount</name>
        <outputCreationSequence>0.0</outputCreationSequence>
        <outputFieldName>ActiveAlerts:finAcct</outputFieldName>
        <outputObjectName>json</outputObjectName>
        <requiredForUpsert>false</requiredForUpsert>
        <upsertKey>false</upsertKey>
    </omniDataTransformItem>
    <omniDataTransformItem>
        <disabled>false</disabled>
        <filterGroup>0.0</filterGroup>
        <globalKey>3cd79d4f-d81c-4833-a075-703956901135</globalKey>
        <inputFieldName>ActiveAlerts:IsActive</inputFieldName>
        <inputObjectQuerySequence>0.0</inputObjectQuerySequence>
        <linkedObjectSequence>0.0</linkedObjectSequence>
        <name>getAlertsFromAccount</name>
        <outputCreationSequence>1.0</outputCreationSequence>
        <outputFieldName>Alerts:IsActive</outputFieldName>
        <outputObjectName>json</outputObjectName>
        <requiredForUpsert>false</requiredForUpsert>
        <upsertKey>false</upsertKey>
    </omniDataTransformItem>
    <omniDataTransformItem>
        <disabled>false</disabled>
        <filterGroup>0.0</filterGroup>
        <globalKey>fc7772a2-1849-42d8-925c-13a4a8001679</globalKey>
        <inputFieldName>ActiveAlerts:Description</inputFieldName>
        <inputObjectQuerySequence>0.0</inputObjectQuerySequence>
        <linkedObjectSequence>0.0</linkedObjectSequence>
        <name>getAlertsFromAccount</name>
        <outputCreationSequence>1.0</outputCreationSequence>
        <outputFieldName>Alerts:Description</outputFieldName>
        <outputObjectName>json</outputObjectName>
        <requiredForUpsert>false</requiredForUpsert>
        <upsertKey>false</upsertKey>
    </omniDataTransformItem>
    <omniDataTransformItem>
        <disabled>false</disabled>
        <filterGroup>0.0</filterGroup>
        <globalKey>aff3a754-4105-439b-927d-1157707112a9</globalKey>
        <inputFieldName>ActiveAlerts:finAcct:LastStatementDate__c</inputFieldName>
        <inputObjectQuerySequence>0.0</inputObjectQuerySequence>
        <linkedObjectSequence>0.0</linkedObjectSequence>
        <name>getAlertsFromAccount</name>
        <outputCreationSequence>1.0</outputCreationSequence>
        <outputFieldFormat>Date(yyyy-MM-dd)</outputFieldFormat>
        <outputFieldName>Alerts:lastStatementDate</outputFieldName>
        <outputObjectName>json</outputObjectName>
        <requiredForUpsert>false</requiredForUpsert>
        <upsertKey>false</upsertKey>
    </omniDataTransformItem>
    <omniDataTransformItem>
        <disabled>false</disabled>
        <filterGroup>0.0</filterGroup>
        <globalKey>9cfc56ca-3799-4c01-a0bb-7e9c42586c20</globalKey>
        <inputFieldName>ActiveAlerts:finAcct:FinServ__FinancialAccountNumber__c</inputFieldName>
        <inputObjectQuerySequence>0.0</inputObjectQuerySequence>
        <linkedObjectSequence>0.0</linkedObjectSequence>
        <name>getAlertsFromAccount</name>
        <outputCreationSequence>1.0</outputCreationSequence>
        <outputFieldName>Alerts:financialAccountNumber</outputFieldName>
        <outputObjectName>json</outputObjectName>
        <requiredForUpsert>false</requiredForUpsert>
        <upsertKey>false</upsertKey>
    </omniDataTransformItem>
    <omniDataTransformItem>
        <disabled>false</disabled>
        <filterGroup>0.0</filterGroup>
        <globalKey>294ae4b5-44ee-4f26-a02b-a31d7aaf2f43</globalKey>
        <inputFieldName>ActiveAlerts:FINS_Retail_ContextJSON__c</inputFieldName>
        <inputObjectQuerySequence>0.0</inputObjectQuerySequence>
        <linkedObjectSequence>0.0</linkedObjectSequence>
        <name>getAlertsFromAccount</name>
        <outputCreationSequence>1.0</outputCreationSequence>
        <outputFieldFormat>Object</outputFieldFormat>
        <outputFieldName>Alerts:context</outputFieldName>
        <outputObjectName>json</outputObjectName>
        <requiredForUpsert>false</requiredForUpsert>
        <upsertKey>false</upsertKey>
    </omniDataTransformItem>
    <omniDataTransformItem>
        <disabled>false</disabled>
        <filterGroup>0.0</filterGroup>
        <formulaConverted>| | var:ActiveAlerts:Id ISNOTBLANK | | var:ActiveAlerts:Subject &quot;Fraud&quot; STRINGINDEXOF 1 &gt; true false IF var:null IF</formulaConverted>
        <formulaExpression>IF(ISNOTBLANK(ActiveAlerts:Id), IF(STRINGINDEXOF(ActiveAlerts:Subject, &quot;Fraud&quot;)&gt;1, true, false), null)</formulaExpression>
        <formulaResultPath>ActiveAlerts:fFraudInSubject</formulaResultPath>
        <formulaSequence>2.0</formulaSequence>
        <globalKey>1ef78317-24a5-4d4d-af6e-885961121803</globalKey>
        <inputObjectQuerySequence>0.0</inputObjectQuerySequence>
        <linkedObjectSequence>0.0</linkedObjectSequence>
        <name>getAlertsFromAccount</name>
        <outputCreationSequence>0.0</outputCreationSequence>
        <outputFieldName>Formula</outputFieldName>
        <outputObjectName>Formula</outputObjectName>
        <requiredForUpsert>false</requiredForUpsert>
        <upsertKey>false</upsertKey>
    </omniDataTransformItem>
    <omniDataTransformItem>
        <disabled>false</disabled>
        <filterGroup>0.0</filterGroup>
        <filterOperator>=</filterOperator>
        <filterValue>&apos;true&apos;</filterValue>
        <globalKey>25377684-9cc0-4bd0-9643-49b6385e0b42</globalKey>
        <inputFieldName>IsActive</inputFieldName>
        <inputObjectName>RecordAlert</inputObjectName>
        <inputObjectQuerySequence>1.0</inputObjectQuerySequence>
        <linkedObjectSequence>0.0</linkedObjectSequence>
        <name>getAlertsFromAccount</name>
        <outputCreationSequence>0.0</outputCreationSequence>
        <outputFieldName>ActiveAlerts</outputFieldName>
        <outputObjectName>json</outputObjectName>
        <requiredForUpsert>false</requiredForUpsert>
        <upsertKey>false</upsertKey>
    </omniDataTransformItem>
    <omniDataTransformItem>
        <disabled>false</disabled>
        <filterGroup>0.0</filterGroup>
        <filterOperator>=</filterOperator>
        <filterValue>accountId</filterValue>
        <globalKey>3a564d9b-d76c-4755-9fbc-23ab6aed623a</globalKey>
        <inputFieldName>ParentId</inputFieldName>
        <inputObjectName>RecordAlert</inputObjectName>
        <inputObjectQuerySequence>1.0</inputObjectQuerySequence>
        <linkedObjectSequence>0.0</linkedObjectSequence>
        <name>getAlertsFromAccount</name>
        <outputCreationSequence>0.0</outputCreationSequence>
        <outputFieldName>ActiveAlerts</outputFieldName>
        <outputObjectName>json</outputObjectName>
        <requiredForUpsert>false</requiredForUpsert>
        <upsertKey>false</upsertKey>
    </omniDataTransformItem>
    <omniDataTransformItem>
        <disabled>false</disabled>
        <filterGroup>0.0</filterGroup>
        <globalKey>c4b1659e-b523-4078-8f11-94b13ba4bb3c</globalKey>
        <inputFieldName>ActiveAlerts:Id</inputFieldName>
        <inputObjectQuerySequence>0.0</inputObjectQuerySequence>
        <linkedObjectSequence>0.0</linkedObjectSequence>
        <name>getAlertsFromAccount</name>
        <outputCreationSequence>1.0</outputCreationSequence>
        <outputFieldName>Alerts:AlertId</outputFieldName>
        <outputObjectName>json</outputObjectName>
        <requiredForUpsert>false</requiredForUpsert>
        <upsertKey>false</upsertKey>
    </omniDataTransformItem>
    <outputType>JSON</outputType>
    <previewJsonData>{
  &quot;accountId&quot; : &quot;0014S000007AYNxQAO&quot;,
  &quot;UserId&quot; : &quot;0058X00000FfgzWQAR&quot;,
  &quot;accountIdJ&quot; : &quot;001B000001QU5xWIAT&quot;
}</previewJsonData>
    <processSuperBulk>false</processSuperBulk>
    <responseCacheTtlMinutes>0.0</responseCacheTtlMinutes>
    <rollbackOnError>false</rollbackOnError>
    <sourceObject>json</sourceObject>
    <sourceObjectDefault>false</sourceObjectDefault>
    <synchronousProcessThreshold>0.0</synchronousProcessThreshold>
    <type>Extract</type>
    <uniqueName>getAlertsFromAccount_1</uniqueName>
    <versionNumber>1.0</versionNumber>
    <xmlDeclarationRemoved>false</xmlDeclarationRemoved>
</OmniDataTransform>
