<?xml version="1.0" encoding="UTF-8"?>
<OmniDataTransform xmlns="http://soap.sforce.com/2006/04/metadata">
    <active>false</active>
    <assignmentRulesUsed>false</assignmentRulesUsed>
    <deletedOnSuccess>false</deletedOnSuccess>
    <errorIgnored>false</errorIgnored>
    <fieldLevelSecurityEnabled>false</fieldLevelSecurityEnabled>
    <inputType>JSON</inputType>
    <name>getPersonAccountDetails</name>
    <nullInputsIncludedInOutput>false</nullInputsIncludedInOutput>
    <omniDataTransformItem>
        <disabled>false</disabled>
        <filterGroup>0.0</filterGroup>
        <filterOperator>=</filterOperator>
        <filterValue>AccountId</filterValue>
        <globalKey>4bfa1fd1-1048-4ddb-9344-25a1e0de6993</globalKey>
        <inputFieldName>Id</inputFieldName>
        <inputObjectName>Account</inputObjectName>
        <inputObjectQuerySequence>1.0</inputObjectQuerySequence>
        <linkedObjectSequence>0.0</linkedObjectSequence>
        <name>getPersonAccountDetails</name>
        <outputCreationSequence>0.0</outputCreationSequence>
        <outputFieldName>Account</outputFieldName>
        <outputObjectName>json</outputObjectName>
        <requiredForUpsert>false</requiredForUpsert>
        <upsertKey>false</upsertKey>
    </omniDataTransformItem>
    <omniDataTransformItem>
        <disabled>false</disabled>
        <filterGroup>0.0</filterGroup>
        <globalKey>aba5921e-5d4c-4023-a170-8bc671704123</globalKey>
        <inputFieldName>Account:BillingPostalCode</inputFieldName>
        <inputObjectQuerySequence>0.0</inputObjectQuerySequence>
        <linkedObjectSequence>0.0</linkedObjectSequence>
        <name>getPersonAccountDetails</name>
        <outputCreationSequence>1.0</outputCreationSequence>
        <outputFieldName>PersonAccount:Billing:Postal</outputFieldName>
        <outputObjectName>json</outputObjectName>
        <requiredForUpsert>false</requiredForUpsert>
        <upsertKey>false</upsertKey>
    </omniDataTransformItem>
    <omniDataTransformItem>
        <disabled>false</disabled>
        <filterGroup>0.0</filterGroup>
        <globalKey>68e97d9a-b93d-4f45-88bc-344980b26d87</globalKey>
        <inputFieldName>Account:BillingStreet</inputFieldName>
        <inputObjectQuerySequence>0.0</inputObjectQuerySequence>
        <linkedObjectSequence>0.0</linkedObjectSequence>
        <name>getPersonAccountDetails</name>
        <outputCreationSequence>1.0</outputCreationSequence>
        <outputFieldName>PersonAccount:Billing:Street</outputFieldName>
        <outputObjectName>json</outputObjectName>
        <requiredForUpsert>false</requiredForUpsert>
        <upsertKey>false</upsertKey>
    </omniDataTransformItem>
    <omniDataTransformItem>
        <disabled>false</disabled>
        <filterGroup>0.0</filterGroup>
        <filterOperator>=</filterOperator>
        <filterValue>Account:omnistudio__PrimaryBroker__c</filterValue>
        <globalKey>119dfbe6-6dd1-4606-b77e-3ab41da2434f</globalKey>
        <inputFieldName>ContactId</inputFieldName>
        <inputObjectName>Producer</inputObjectName>
        <inputObjectQuerySequence>2.0</inputObjectQuerySequence>
        <linkedObjectSequence>0.0</linkedObjectSequence>
        <name>getPersonAccountDetails</name>
        <outputCreationSequence>0.0</outputCreationSequence>
        <outputFieldName>Producer</outputFieldName>
        <outputObjectName>json</outputObjectName>
        <requiredForUpsert>false</requiredForUpsert>
        <upsertKey>false</upsertKey>
    </omniDataTransformItem>
    <omniDataTransformItem>
        <disabled>false</disabled>
        <filterGroup>0.0</filterGroup>
        <globalKey>6c9378db-dc50-4eb2-bf83-0da8cabee3f6</globalKey>
        <inputFieldName>Account:BillingCity</inputFieldName>
        <inputObjectQuerySequence>0.0</inputObjectQuerySequence>
        <linkedObjectSequence>0.0</linkedObjectSequence>
        <name>getPersonAccountDetails</name>
        <outputCreationSequence>1.0</outputCreationSequence>
        <outputFieldName>PersonAccount:Billing:City</outputFieldName>
        <outputObjectName>json</outputObjectName>
        <requiredForUpsert>false</requiredForUpsert>
        <upsertKey>false</upsertKey>
    </omniDataTransformItem>
    <omniDataTransformItem>
        <disabled>false</disabled>
        <filterGroup>0.0</filterGroup>
        <globalKey>993a85cb-c48b-4a91-a829-a1c45e15bac1</globalKey>
        <inputFieldName>Account:PersonMailingCity</inputFieldName>
        <inputObjectQuerySequence>0.0</inputObjectQuerySequence>
        <linkedObjectSequence>0.0</linkedObjectSequence>
        <name>getPersonAccountDetails</name>
        <outputCreationSequence>1.0</outputCreationSequence>
        <outputFieldName>PersonAccount:Personal:City</outputFieldName>
        <outputObjectName>json</outputObjectName>
        <requiredForUpsert>false</requiredForUpsert>
        <upsertKey>false</upsertKey>
    </omniDataTransformItem>
    <omniDataTransformItem>
        <disabled>false</disabled>
        <filterGroup>0.0</filterGroup>
        <globalKey>5e73fc06-26d8-46d4-93d2-9ad51a6f9b02</globalKey>
        <inputFieldName>Account:PersonMailingCountry</inputFieldName>
        <inputObjectQuerySequence>0.0</inputObjectQuerySequence>
        <linkedObjectSequence>0.0</linkedObjectSequence>
        <name>getPersonAccountDetails</name>
        <outputCreationSequence>1.0</outputCreationSequence>
        <outputFieldName>PersonAccount:Personal:Country</outputFieldName>
        <outputObjectName>json</outputObjectName>
        <requiredForUpsert>false</requiredForUpsert>
        <upsertKey>false</upsertKey>
    </omniDataTransformItem>
    <omniDataTransformItem>
        <disabled>false</disabled>
        <filterGroup>0.0</filterGroup>
        <globalKey>97b4ed93-69c9-4dab-83bf-602483fd428c</globalKey>
        <inputFieldName>Account:PersonMailingState</inputFieldName>
        <inputObjectQuerySequence>0.0</inputObjectQuerySequence>
        <linkedObjectSequence>0.0</linkedObjectSequence>
        <name>getPersonAccountDetails</name>
        <outputCreationSequence>1.0</outputCreationSequence>
        <outputFieldName>PersonAccount:Personal:State</outputFieldName>
        <outputObjectName>json</outputObjectName>
        <requiredForUpsert>false</requiredForUpsert>
        <upsertKey>false</upsertKey>
    </omniDataTransformItem>
    <omniDataTransformItem>
        <disabled>false</disabled>
        <filterGroup>0.0</filterGroup>
        <globalKey>10394e06-47f0-46d3-8ef7-8bb745dabcc1</globalKey>
        <inputFieldName>Account:FINS_Send_Authentication_Text__c</inputFieldName>
        <inputObjectQuerySequence>0.0</inputObjectQuerySequence>
        <linkedObjectSequence>0.0</linkedObjectSequence>
        <name>getPersonAccountDetails</name>
        <outputCreationSequence>1.0</outputCreationSequence>
        <outputFieldName>PersonAccount:SendAuthenticationText</outputFieldName>
        <outputObjectName>json</outputObjectName>
        <requiredForUpsert>false</requiredForUpsert>
        <upsertKey>false</upsertKey>
    </omniDataTransformItem>
    <omniDataTransformItem>
        <disabled>false</disabled>
        <filterGroup>0.0</filterGroup>
        <globalKey>d2dcc9c7-32e0-4a97-9581-e107741739ec</globalKey>
        <inputFieldName>Account:PersonMailingStreet</inputFieldName>
        <inputObjectQuerySequence>0.0</inputObjectQuerySequence>
        <linkedObjectSequence>0.0</linkedObjectSequence>
        <name>getPersonAccountDetails</name>
        <outputCreationSequence>1.0</outputCreationSequence>
        <outputFieldName>PersonAccount:Personal:Street</outputFieldName>
        <outputObjectName>json</outputObjectName>
        <requiredForUpsert>false</requiredForUpsert>
        <upsertKey>false</upsertKey>
    </omniDataTransformItem>
    <omniDataTransformItem>
        <disabled>false</disabled>
        <filterGroup>0.0</filterGroup>
        <globalKey>3c002f40-bc18-4ab9-be9e-1bcc487c5443</globalKey>
        <inputFieldName>Account:PersonMailingPostalCode</inputFieldName>
        <inputObjectQuerySequence>0.0</inputObjectQuerySequence>
        <linkedObjectSequence>0.0</linkedObjectSequence>
        <name>getPersonAccountDetails</name>
        <outputCreationSequence>1.0</outputCreationSequence>
        <outputFieldName>PersonAccount:Personal:Postal</outputFieldName>
        <outputObjectName>json</outputObjectName>
        <requiredForUpsert>false</requiredForUpsert>
        <upsertKey>false</upsertKey>
    </omniDataTransformItem>
    <omniDataTransformItem>
        <disabled>false</disabled>
        <filterGroup>0.0</filterGroup>
        <globalKey>25ae59d6-80eb-4797-80db-c854d058bbbd</globalKey>
        <inputFieldName>Account:PersonEmail</inputFieldName>
        <inputObjectQuerySequence>0.0</inputObjectQuerySequence>
        <linkedObjectSequence>0.0</linkedObjectSequence>
        <name>getPersonAccountDetails</name>
        <outputCreationSequence>1.0</outputCreationSequence>
        <outputFieldName>PersonAccount:Email</outputFieldName>
        <outputObjectName>json</outputObjectName>
        <requiredForUpsert>false</requiredForUpsert>
        <upsertKey>false</upsertKey>
    </omniDataTransformItem>
    <omniDataTransformItem>
        <disabled>false</disabled>
        <filterGroup>0.0</filterGroup>
        <globalKey>158afcc7-a638-4655-9f4b-6492dfa7efbc</globalKey>
        <inputFieldName>Account:omnistudio__PrimaryBroker__c</inputFieldName>
        <inputObjectQuerySequence>0.0</inputObjectQuerySequence>
        <linkedObjectSequence>0.0</linkedObjectSequence>
        <name>getPersonAccountDetails</name>
        <outputCreationSequence>1.0</outputCreationSequence>
        <outputFieldName>PersonAccount:PrimaryProducerContactId</outputFieldName>
        <outputObjectName>json</outputObjectName>
        <requiredForUpsert>false</requiredForUpsert>
        <upsertKey>false</upsertKey>
    </omniDataTransformItem>
    <omniDataTransformItem>
        <disabled>false</disabled>
        <filterGroup>0.0</filterGroup>
        <globalKey>474ce58a-4c68-4b25-b194-57e62e5cdf90</globalKey>
        <inputFieldName>Account:FirstName</inputFieldName>
        <inputObjectQuerySequence>0.0</inputObjectQuerySequence>
        <linkedObjectSequence>0.0</linkedObjectSequence>
        <name>getPersonAccountDetails</name>
        <outputCreationSequence>1.0</outputCreationSequence>
        <outputFieldName>PersonAccount:FirstName</outputFieldName>
        <outputObjectName>json</outputObjectName>
        <requiredForUpsert>false</requiredForUpsert>
        <upsertKey>false</upsertKey>
    </omniDataTransformItem>
    <omniDataTransformItem>
        <disabled>false</disabled>
        <filterGroup>0.0</filterGroup>
        <globalKey>cece6f08-7fc4-4eef-8428-27afb243e27b</globalKey>
        <inputFieldName>Account:LastName</inputFieldName>
        <inputObjectQuerySequence>0.0</inputObjectQuerySequence>
        <linkedObjectSequence>0.0</linkedObjectSequence>
        <name>getPersonAccountDetails</name>
        <outputCreationSequence>1.0</outputCreationSequence>
        <outputFieldName>PersonAccount:LastName</outputFieldName>
        <outputObjectName>json</outputObjectName>
        <requiredForUpsert>false</requiredForUpsert>
        <upsertKey>false</upsertKey>
    </omniDataTransformItem>
    <omniDataTransformItem>
        <disabled>false</disabled>
        <filterGroup>0.0</filterGroup>
        <globalKey>b39db11c-96cd-4f66-b831-93980a607673</globalKey>
        <inputFieldName>Account:BillingCity</inputFieldName>
        <inputObjectQuerySequence>0.0</inputObjectQuerySequence>
        <linkedObjectSequence>0.0</linkedObjectSequence>
        <name>getPersonAccountDetails</name>
        <outputCreationSequence>1.0</outputCreationSequence>
        <outputFieldName>PersonAccount:City</outputFieldName>
        <outputObjectName>json</outputObjectName>
        <requiredForUpsert>false</requiredForUpsert>
        <upsertKey>false</upsertKey>
    </omniDataTransformItem>
    <omniDataTransformItem>
        <disabled>false</disabled>
        <filterGroup>0.0</filterGroup>
        <globalKey>e62c4a02-11f4-407a-9095-fbbbbb086693</globalKey>
        <inputFieldName>Account:Name</inputFieldName>
        <inputObjectQuerySequence>0.0</inputObjectQuerySequence>
        <linkedObjectSequence>0.0</linkedObjectSequence>
        <name>getPersonAccountDetails</name>
        <outputCreationSequence>1.0</outputCreationSequence>
        <outputFieldName>PersonAccount:Name</outputFieldName>
        <outputObjectName>json</outputObjectName>
        <requiredForUpsert>false</requiredForUpsert>
        <upsertKey>false</upsertKey>
    </omniDataTransformItem>
    <omniDataTransformItem>
        <disabled>false</disabled>
        <filterGroup>0.0</filterGroup>
        <globalKey>f9c76562-810b-498b-8d2c-9c717035a864</globalKey>
        <inputFieldName>Account:Phone</inputFieldName>
        <inputObjectQuerySequence>0.0</inputObjectQuerySequence>
        <linkedObjectSequence>0.0</linkedObjectSequence>
        <name>getPersonAccountDetails</name>
        <outputCreationSequence>1.0</outputCreationSequence>
        <outputFieldFormat>Number</outputFieldFormat>
        <outputFieldName>PersonAccount:Phone</outputFieldName>
        <outputObjectName>json</outputObjectName>
        <requiredForUpsert>false</requiredForUpsert>
        <upsertKey>false</upsertKey>
    </omniDataTransformItem>
    <omniDataTransformItem>
        <disabled>false</disabled>
        <filterGroup>0.0</filterGroup>
        <globalKey>3cf31b52-c26e-4113-88a9-c449a60bac5a</globalKey>
        <inputFieldName>Account:BillingCountry</inputFieldName>
        <inputObjectQuerySequence>0.0</inputObjectQuerySequence>
        <linkedObjectSequence>0.0</linkedObjectSequence>
        <name>getPersonAccountDetails</name>
        <outputCreationSequence>1.0</outputCreationSequence>
        <outputFieldName>PersonAccount:Country</outputFieldName>
        <outputObjectName>json</outputObjectName>
        <requiredForUpsert>false</requiredForUpsert>
        <upsertKey>false</upsertKey>
    </omniDataTransformItem>
    <omniDataTransformItem>
        <disabled>true</disabled>
        <filterGroup>0.0</filterGroup>
        <globalKey>757b1b45-b231-4bb8-8999-dae4dadbb937</globalKey>
        <inputFieldName>Account:MiddleName</inputFieldName>
        <inputObjectQuerySequence>0.0</inputObjectQuerySequence>
        <linkedObjectSequence>0.0</linkedObjectSequence>
        <name>getPersonAccountDetails</name>
        <outputCreationSequence>1.0</outputCreationSequence>
        <outputFieldName>PersonAccount:MiddleName</outputFieldName>
        <outputObjectName>json</outputObjectName>
        <requiredForUpsert>false</requiredForUpsert>
        <upsertKey>false</upsertKey>
    </omniDataTransformItem>
    <omniDataTransformItem>
        <disabled>false</disabled>
        <filterGroup>0.0</filterGroup>
        <globalKey>e8be6831-026b-45fb-a5f9-2bc52b4a4fee</globalKey>
        <inputFieldName>Account:Id</inputFieldName>
        <inputObjectQuerySequence>0.0</inputObjectQuerySequence>
        <linkedObjectSequence>0.0</linkedObjectSequence>
        <name>getPersonAccountDetails</name>
        <outputCreationSequence>1.0</outputCreationSequence>
        <outputFieldName>PersonAccount:PersonAccountId</outputFieldName>
        <outputObjectName>json</outputObjectName>
        <requiredForUpsert>false</requiredForUpsert>
        <upsertKey>false</upsertKey>
    </omniDataTransformItem>
    <omniDataTransformItem>
        <disabled>false</disabled>
        <filterGroup>0.0</filterGroup>
        <globalKey>8b3a1987-65cb-4f21-a7f5-35306f1ebe94</globalKey>
        <inputFieldName>Account:omnistudio__Gender__pc</inputFieldName>
        <inputObjectQuerySequence>0.0</inputObjectQuerySequence>
        <linkedObjectSequence>0.0</linkedObjectSequence>
        <name>getPersonAccountDetails</name>
        <outputCreationSequence>1.0</outputCreationSequence>
        <outputFieldName>PersonAccount:Gender</outputFieldName>
        <outputObjectName>json</outputObjectName>
        <requiredForUpsert>false</requiredForUpsert>
        <upsertKey>false</upsertKey>
    </omniDataTransformItem>
    <omniDataTransformItem>
        <disabled>false</disabled>
        <filterGroup>0.0</filterGroup>
        <globalKey>ca0590bf-eb07-480e-9e88-bc638cf90b42</globalKey>
        <inputFieldName>Account:BillingState</inputFieldName>
        <inputObjectQuerySequence>0.0</inputObjectQuerySequence>
        <linkedObjectSequence>0.0</linkedObjectSequence>
        <name>getPersonAccountDetails</name>
        <outputCreationSequence>1.0</outputCreationSequence>
        <outputFieldName>PersonAccount:Billing:State</outputFieldName>
        <outputObjectName>json</outputObjectName>
        <requiredForUpsert>false</requiredForUpsert>
        <upsertKey>false</upsertKey>
    </omniDataTransformItem>
    <omniDataTransformItem>
        <disabled>false</disabled>
        <filterGroup>0.0</filterGroup>
        <globalKey>b0f21fb5-c856-4686-9500-2c09d3042382</globalKey>
        <inputFieldName>Account:BillingCountry</inputFieldName>
        <inputObjectQuerySequence>0.0</inputObjectQuerySequence>
        <linkedObjectSequence>0.0</linkedObjectSequence>
        <name>getPersonAccountDetails</name>
        <outputCreationSequence>1.0</outputCreationSequence>
        <outputFieldName>PersonAccount:Billing:Country</outputFieldName>
        <outputObjectName>json</outputObjectName>
        <requiredForUpsert>false</requiredForUpsert>
        <upsertKey>false</upsertKey>
    </omniDataTransformItem>
    <omniDataTransformItem>
        <disabled>false</disabled>
        <filterGroup>0.0</filterGroup>
        <globalKey>419c00ad-2fb2-4b2c-97ea-48a68a97dcdd</globalKey>
        <inputFieldName>Producer:Id</inputFieldName>
        <inputObjectQuerySequence>0.0</inputObjectQuerySequence>
        <linkedObjectSequence>0.0</linkedObjectSequence>
        <name>getPersonAccountDetails</name>
        <outputCreationSequence>1.0</outputCreationSequence>
        <outputFieldName>PersonAccount:PrimaryProducerObjId</outputFieldName>
        <outputObjectName>json</outputObjectName>
        <requiredForUpsert>false</requiredForUpsert>
        <upsertKey>false</upsertKey>
    </omniDataTransformItem>
    <omniDataTransformItem>
        <disabled>false</disabled>
        <filterGroup>0.0</filterGroup>
        <globalKey>1626a1eb-0827-4b55-b0b0-533a1f3540e8</globalKey>
        <inputFieldName>formulaFullAddress</inputFieldName>
        <inputObjectQuerySequence>0.0</inputObjectQuerySequence>
        <linkedObjectSequence>0.0</linkedObjectSequence>
        <name>getPersonAccountDetails</name>
        <outputCreationSequence>1.0</outputCreationSequence>
        <outputFieldName>PersonAccount:FullAddress</outputFieldName>
        <outputObjectName>json</outputObjectName>
        <requiredForUpsert>false</requiredForUpsert>
        <upsertKey>false</upsertKey>
    </omniDataTransformItem>
    <omniDataTransformItem>
        <disabled>false</disabled>
        <filterGroup>0.0</filterGroup>
        <formulaConverted>| var:Account:BillingStreet | var:Account:BillingCity &apos;,/\/\/&apos; &apos;&apos; IF var:Account:BillingCity | var:Account:BillingState &apos;,/\/\/&apos; &apos;&apos; IF var:Account:BillingState | var:Account:BillingPostalCode &apos;/\/\/&apos; &apos;&apos; IF var:Account:BillingPostalCode CONCAT</formulaConverted>
        <formulaExpression>CONCAT(Account:BillingStreet,IF(Account:BillingCity,&apos;, &apos;,&apos;&apos;),Account:BillingCity,IF(Account:BillingState,&apos;, &apos;,&apos;&apos;),Account:BillingState,IF(Account:BillingPostalCode,&apos; &apos;,&apos;&apos;),Account:BillingPostalCode)</formulaExpression>
        <formulaResultPath>formulaFullAddress</formulaResultPath>
        <formulaSequence>1.0</formulaSequence>
        <globalKey>1d867518-dcf5-4ab4-83e7-847992461033</globalKey>
        <inputObjectQuerySequence>0.0</inputObjectQuerySequence>
        <linkedObjectSequence>0.0</linkedObjectSequence>
        <name>getPersonAccountDetails</name>
        <outputCreationSequence>0.0</outputCreationSequence>
        <outputFieldName>Formula</outputFieldName>
        <outputObjectName>Formula</outputObjectName>
        <requiredForUpsert>false</requiredForUpsert>
        <upsertKey>false</upsertKey>
    </omniDataTransformItem>
    <omniDataTransformItem>
        <disabled>false</disabled>
        <filterGroup>0.0</filterGroup>
        <globalKey>c96aa5bd-9a6f-4fd0-aa7e-29ac8bd85b44</globalKey>
        <inputFieldName>Account:PersonBirthdate</inputFieldName>
        <inputObjectQuerySequence>0.0</inputObjectQuerySequence>
        <linkedObjectSequence>0.0</linkedObjectSequence>
        <name>getPersonAccountDetails</name>
        <outputCreationSequence>1.0</outputCreationSequence>
        <outputFieldName>PersonAccount:Birthdate</outputFieldName>
        <outputObjectName>json</outputObjectName>
        <requiredForUpsert>false</requiredForUpsert>
        <upsertKey>false</upsertKey>
    </omniDataTransformItem>
    <omniDataTransformItem>
        <disabled>false</disabled>
        <filterGroup>0.0</filterGroup>
        <globalKey>cb678640-3b08-4742-ae46-078bfc1e1609</globalKey>
        <inputFieldName>Account:BillingState</inputFieldName>
        <inputObjectQuerySequence>0.0</inputObjectQuerySequence>
        <linkedObjectSequence>0.0</linkedObjectSequence>
        <name>getPersonAccountDetails</name>
        <outputCreationSequence>1.0</outputCreationSequence>
        <outputFieldName>PersonAccount:State</outputFieldName>
        <outputObjectName>json</outputObjectName>
        <requiredForUpsert>false</requiredForUpsert>
        <upsertKey>false</upsertKey>
    </omniDataTransformItem>
    <omniDataTransformItem>
        <disabled>false</disabled>
        <filterGroup>0.0</filterGroup>
        <globalKey>8c7beadc-8c42-43f4-b687-936e3489c84a</globalKey>
        <inputFieldName>Account:BillingStreet</inputFieldName>
        <inputObjectQuerySequence>0.0</inputObjectQuerySequence>
        <linkedObjectSequence>0.0</linkedObjectSequence>
        <name>getPersonAccountDetails</name>
        <outputCreationSequence>1.0</outputCreationSequence>
        <outputFieldName>PersonAccount:Street</outputFieldName>
        <outputObjectName>json</outputObjectName>
        <requiredForUpsert>false</requiredForUpsert>
        <upsertKey>false</upsertKey>
    </omniDataTransformItem>
    <omniDataTransformItem>
        <disabled>false</disabled>
        <filterGroup>0.0</filterGroup>
        <globalKey>b9cbd161-610a-4d15-9f81-10947f561b5e</globalKey>
        <inputFieldName>Account:omnistudio__DateOfFirstInsurance__c</inputFieldName>
        <inputObjectQuerySequence>0.0</inputObjectQuerySequence>
        <linkedObjectSequence>0.0</linkedObjectSequence>
        <name>getPersonAccountDetails</name>
        <outputCreationSequence>1.0</outputCreationSequence>
        <outputFieldName>PersonAccount:CustomerSinceDate</outputFieldName>
        <outputObjectName>json</outputObjectName>
        <requiredForUpsert>false</requiredForUpsert>
        <upsertKey>false</upsertKey>
    </omniDataTransformItem>
    <omniDataTransformItem>
        <disabled>false</disabled>
        <filterGroup>0.0</filterGroup>
        <globalKey>0d82b80f-2374-4905-bbab-db53ff885d7d</globalKey>
        <inputFieldName>Account:Id</inputFieldName>
        <inputObjectQuerySequence>0.0</inputObjectQuerySequence>
        <linkedObjectSequence>0.0</linkedObjectSequence>
        <name>getPersonAccountDetails</name>
        <outputCreationSequence>1.0</outputCreationSequence>
        <outputFieldName>PersonAccountId</outputFieldName>
        <outputObjectName>json</outputObjectName>
        <requiredForUpsert>false</requiredForUpsert>
        <upsertKey>false</upsertKey>
    </omniDataTransformItem>
    <omniDataTransformItem>
        <disabled>false</disabled>
        <filterGroup>0.0</filterGroup>
        <globalKey>dfcca1c7-2632-4544-b453-702b06134659</globalKey>
        <inputFieldName>Account:AccountNumber</inputFieldName>
        <inputObjectQuerySequence>0.0</inputObjectQuerySequence>
        <linkedObjectSequence>0.0</linkedObjectSequence>
        <name>getPersonAccountDetails</name>
        <outputCreationSequence>1.0</outputCreationSequence>
        <outputFieldName>PersonAccount:AccountNumber</outputFieldName>
        <outputObjectName>json</outputObjectName>
        <requiredForUpsert>false</requiredForUpsert>
        <upsertKey>false</upsertKey>
    </omniDataTransformItem>
    <omniDataTransformItem>
        <disabled>false</disabled>
        <filterGroup>0.0</filterGroup>
        <globalKey>21e1d8d0-a484-4bce-9ba6-56b54f9530a6</globalKey>
        <inputFieldName>Account:BillingPostalCode</inputFieldName>
        <inputObjectQuerySequence>0.0</inputObjectQuerySequence>
        <linkedObjectSequence>0.0</linkedObjectSequence>
        <name>getPersonAccountDetails</name>
        <outputCreationSequence>1.0</outputCreationSequence>
        <outputFieldName>PersonAccount:PostalCode</outputFieldName>
        <outputObjectName>json</outputObjectName>
        <requiredForUpsert>false</requiredForUpsert>
        <upsertKey>false</upsertKey>
    </omniDataTransformItem>
    <outputType>JSON</outputType>
    <previewJsonData>{
  &quot;AccountId&quot; : &quot;0014V00003LdIU8QAN&quot;
}</previewJsonData>
    <processSuperBulk>false</processSuperBulk>
    <responseCacheTtlMinutes>0.0</responseCacheTtlMinutes>
    <rollbackOnError>false</rollbackOnError>
    <sourceObject>json</sourceObject>
    <sourceObjectDefault>false</sourceObjectDefault>
    <synchronousProcessThreshold>-1.0</synchronousProcessThreshold>
    <type>Extract</type>
    <uniqueName>getPersonAccountDetails_1</uniqueName>
    <versionNumber>1.0</versionNumber>
    <xmlDeclarationRemoved>false</xmlDeclarationRemoved>
</OmniDataTransform>
