<?xml version="1.0" encoding="UTF-8"?>
<OmniDataTransform xmlns="http://soap.sforce.com/2006/04/metadata">
    <active>true</active>
    <assignmentRulesUsed>false</assignmentRulesUsed>
    <deletedOnSuccess>false</deletedOnSuccess>
    <errorIgnored>false</errorIgnored>
    <fieldLevelSecurityEnabled>false</fieldLevelSecurityEnabled>
    <inputType>JSON</inputType>
    <name>retailOnboardingGetAccountDetail</name>
    <nullInputsIncludedInOutput>false</nullInputsIncludedInOutput>
    <omniDataTransformItem>
        <disabled>false</disabled>
        <filterGroup>0.0</filterGroup>
        <globalKey>020cafa7-84ed-4758-8071-64c85769cf6f</globalKey>
        <inputFieldName>Account:FirstName</inputFieldName>
        <inputObjectQuerySequence>0.0</inputObjectQuerySequence>
        <linkedObjectSequence>0.0</linkedObjectSequence>
        <name>retailOnboardingGetAccountDetail</name>
        <outputCreationSequence>1.0</outputCreationSequence>
        <outputFieldName>fName</outputFieldName>
        <outputObjectName>json</outputObjectName>
        <requiredForUpsert>false</requiredForUpsert>
        <upsertKey>false</upsertKey>
    </omniDataTransformItem>
    <omniDataTransformItem>
        <disabled>false</disabled>
        <filterGroup>0.0</filterGroup>
        <globalKey>340f9fb8-3551-488e-8bf4-3907484784d9</globalKey>
        <inputFieldName>Account:Id</inputFieldName>
        <inputObjectQuerySequence>0.0</inputObjectQuerySequence>
        <linkedObjectSequence>0.0</linkedObjectSequence>
        <name>retailOnboardingGetAccountDetail</name>
        <outputCreationSequence>1.0</outputCreationSequence>
        <outputFieldName>accountId</outputFieldName>
        <outputObjectName>json</outputObjectName>
        <requiredForUpsert>false</requiredForUpsert>
        <upsertKey>false</upsertKey>
    </omniDataTransformItem>
    <omniDataTransformItem>
        <disabled>false</disabled>
        <filterGroup>0.0</filterGroup>
        <formulaConverted>| | var:Account:BillingState ISNOTBLANK | | var:Account:CompoundAddress ISNOTBLANK var:Account:CompoundAddress &quot;,/\/\/&quot; + var:Account:BillingState + var:AccountBillingState IF | | var:Account:CompoundAddress ISNOTBLANK var:Account:CompoundAddress var:null IF IF</formulaConverted>
        <formulaExpression>IF(ISNOTBLANK(Account:BillingState), IF(ISNOTBLANK(Account:CompoundAddress), Account:CompoundAddress + &quot;, &quot; + Account:BillingState, AccountBillingState), IF(ISNOTBLANK(Account:CompoundAddress), Account:CompoundAddress,null))</formulaExpression>
        <formulaResultPath>Account:CompoundAddress</formulaResultPath>
        <formulaSequence>3.0</formulaSequence>
        <globalKey>4177a03a-0bd7-43bc-9252-d66aa790f135</globalKey>
        <inputObjectQuerySequence>0.0</inputObjectQuerySequence>
        <linkedObjectSequence>0.0</linkedObjectSequence>
        <name>retailOnboardingGetAccountDetail</name>
        <outputCreationSequence>0.0</outputCreationSequence>
        <outputFieldName>Formula</outputFieldName>
        <outputObjectName>Formula</outputObjectName>
        <requiredForUpsert>false</requiredForUpsert>
        <upsertKey>false</upsertKey>
    </omniDataTransformItem>
    <omniDataTransformItem>
        <disabled>false</disabled>
        <filterGroup>0.0</filterGroup>
        <globalKey>a7d159b6-d7da-4bce-8344-a9e9d87e1d37</globalKey>
        <inputFieldName>Account:PersonContactId</inputFieldName>
        <inputObjectQuerySequence>0.0</inputObjectQuerySequence>
        <linkedObjectSequence>0.0</linkedObjectSequence>
        <name>retailOnboardingGetAccountDetail</name>
        <outputCreationSequence>1.0</outputCreationSequence>
        <outputFieldName>contactId</outputFieldName>
        <outputObjectName>json</outputObjectName>
        <requiredForUpsert>false</requiredForUpsert>
        <upsertKey>false</upsertKey>
    </omniDataTransformItem>
    <omniDataTransformItem>
        <disabled>false</disabled>
        <filterGroup>0.0</filterGroup>
        <formulaConverted>| | var:Account:BillingCity ISNOTBLANK | | var:Account:CompoundAddress ISNOTBLANK var:Account:CompoundAddress &quot;,/\/\/&quot; + var:Account:BillingCity + var:AccountBillingCity IF | | var:Account:CompoundAddress ISNOTBLANK var:Account:CompoundAddress var:null IF IF</formulaConverted>
        <formulaExpression>IF(ISNOTBLANK(Account:BillingCity), IF(ISNOTBLANK(Account:CompoundAddress), Account:CompoundAddress + &quot;, &quot; + Account:BillingCity, AccountBillingCity), IF(ISNOTBLANK(Account:CompoundAddress), Account:CompoundAddress,null))</formulaExpression>
        <formulaResultPath>Account:CompoundAddress</formulaResultPath>
        <formulaSequence>2.0</formulaSequence>
        <globalKey>3ef67efe-3a04-4e2d-8688-e65004408fb7</globalKey>
        <inputObjectQuerySequence>0.0</inputObjectQuerySequence>
        <linkedObjectSequence>0.0</linkedObjectSequence>
        <name>retailOnboardingGetAccountDetail</name>
        <outputCreationSequence>0.0</outputCreationSequence>
        <outputFieldName>Formula</outputFieldName>
        <outputObjectName>Formula</outputObjectName>
        <requiredForUpsert>false</requiredForUpsert>
        <upsertKey>false</upsertKey>
    </omniDataTransformItem>
    <omniDataTransformItem>
        <disabled>false</disabled>
        <filterGroup>0.0</filterGroup>
        <globalKey>afd75966-72ba-40fb-81a0-07a42268f45a</globalKey>
        <inputFieldName>Account:BillingState</inputFieldName>
        <inputObjectQuerySequence>0.0</inputObjectQuerySequence>
        <linkedObjectSequence>0.0</linkedObjectSequence>
        <name>retailOnboardingGetAccountDetail</name>
        <outputCreationSequence>1.0</outputCreationSequence>
        <outputFieldName>billingState</outputFieldName>
        <outputObjectName>json</outputObjectName>
        <requiredForUpsert>false</requiredForUpsert>
        <upsertKey>false</upsertKey>
    </omniDataTransformItem>
    <omniDataTransformItem>
        <disabled>false</disabled>
        <filterGroup>0.0</filterGroup>
        <formulaConverted>var:Account:BillingStreet</formulaConverted>
        <formulaExpression>Account:BillingStreet</formulaExpression>
        <formulaResultPath>Account:CompoundAddress</formulaResultPath>
        <formulaSequence>1.0</formulaSequence>
        <globalKey>1a46af29-bc23-421b-b240-169ff5dc7720</globalKey>
        <inputObjectQuerySequence>0.0</inputObjectQuerySequence>
        <linkedObjectSequence>0.0</linkedObjectSequence>
        <name>retailOnboardingGetAccountDetail</name>
        <outputCreationSequence>0.0</outputCreationSequence>
        <outputFieldName>Formula</outputFieldName>
        <outputObjectName>Formula</outputObjectName>
        <requiredForUpsert>false</requiredForUpsert>
        <upsertKey>false</upsertKey>
    </omniDataTransformItem>
    <omniDataTransformItem>
        <disabled>false</disabled>
        <filterGroup>0.0</filterGroup>
        <globalKey>0b2ed7ef-2569-4064-8ad8-a2c853d700a9</globalKey>
        <inputFieldName>Account:BillingPostalCode</inputFieldName>
        <inputObjectQuerySequence>0.0</inputObjectQuerySequence>
        <linkedObjectSequence>0.0</linkedObjectSequence>
        <name>retailOnboardingGetAccountDetail</name>
        <outputCreationSequence>1.0</outputCreationSequence>
        <outputFieldName>billingZip</outputFieldName>
        <outputObjectName>json</outputObjectName>
        <requiredForUpsert>false</requiredForUpsert>
        <upsertKey>false</upsertKey>
    </omniDataTransformItem>
    <omniDataTransformItem>
        <disabled>false</disabled>
        <filterGroup>0.0</filterGroup>
        <globalKey>4f9908ec-3ccb-4f77-b9ad-ef2dff325a1f</globalKey>
        <inputFieldName>Account:PersonEmail</inputFieldName>
        <inputObjectQuerySequence>0.0</inputObjectQuerySequence>
        <linkedObjectSequence>0.0</linkedObjectSequence>
        <name>retailOnboardingGetAccountDetail</name>
        <outputCreationSequence>1.0</outputCreationSequence>
        <outputFieldName>Email</outputFieldName>
        <outputObjectName>json</outputObjectName>
        <requiredForUpsert>false</requiredForUpsert>
        <upsertKey>false</upsertKey>
    </omniDataTransformItem>
    <omniDataTransformItem>
        <disabled>false</disabled>
        <filterGroup>0.0</filterGroup>
        <globalKey>db24fe4a-b23b-4bc8-a0d3-6fe97d419b1e</globalKey>
        <inputFieldName>Account:BillingStreet</inputFieldName>
        <inputObjectQuerySequence>0.0</inputObjectQuerySequence>
        <linkedObjectSequence>0.0</linkedObjectSequence>
        <name>retailOnboardingGetAccountDetail</name>
        <outputCreationSequence>1.0</outputCreationSequence>
        <outputFieldName>billingStreet</outputFieldName>
        <outputObjectName>json</outputObjectName>
        <requiredForUpsert>false</requiredForUpsert>
        <upsertKey>false</upsertKey>
    </omniDataTransformItem>
    <omniDataTransformItem>
        <disabled>false</disabled>
        <filterGroup>0.0</filterGroup>
        <globalKey>8c9aae65-f089-4804-bae9-9e79c18175c4</globalKey>
        <inputFieldName>Account:PersonMobilePhone</inputFieldName>
        <inputObjectQuerySequence>0.0</inputObjectQuerySequence>
        <linkedObjectSequence>0.0</linkedObjectSequence>
        <name>retailOnboardingGetAccountDetail</name>
        <outputCreationSequence>1.0</outputCreationSequence>
        <outputFieldName>mobilePhone</outputFieldName>
        <outputObjectName>json</outputObjectName>
        <requiredForUpsert>false</requiredForUpsert>
        <upsertKey>false</upsertKey>
    </omniDataTransformItem>
    <omniDataTransformItem>
        <defaultValue>Julie Morries</defaultValue>
        <disabled>false</disabled>
        <filterGroup>0.0</filterGroup>
        <globalKey>8bf52eff-bbb9-4991-8036-b649fed23c21</globalKey>
        <inputFieldName>fClientName</inputFieldName>
        <inputObjectQuerySequence>0.0</inputObjectQuerySequence>
        <linkedObjectSequence>0.0</linkedObjectSequence>
        <name>retailOnboardingGetAccountDetail</name>
        <outputCreationSequence>1.0</outputCreationSequence>
        <outputFieldName>clientName</outputFieldName>
        <outputObjectName>json</outputObjectName>
        <requiredForUpsert>false</requiredForUpsert>
        <upsertKey>false</upsertKey>
    </omniDataTransformItem>
    <omniDataTransformItem>
        <disabled>false</disabled>
        <filterGroup>0.0</filterGroup>
        <globalKey>b4976c8c-1560-414f-a004-5165ad6d08b5</globalKey>
        <inputFieldName>Account:LastName</inputFieldName>
        <inputObjectQuerySequence>0.0</inputObjectQuerySequence>
        <linkedObjectSequence>0.0</linkedObjectSequence>
        <name>retailOnboardingGetAccountDetail</name>
        <outputCreationSequence>1.0</outputCreationSequence>
        <outputFieldName>ds:lName</outputFieldName>
        <outputObjectName>json</outputObjectName>
        <requiredForUpsert>false</requiredForUpsert>
        <upsertKey>false</upsertKey>
    </omniDataTransformItem>
    <omniDataTransformItem>
        <disabled>false</disabled>
        <filterGroup>0.0</filterGroup>
        <globalKey>da37e0c1-4b6b-4243-9ddd-6acb4b19e86f</globalKey>
        <inputFieldName>Account:fCompoundAddress</inputFieldName>
        <inputObjectQuerySequence>0.0</inputObjectQuerySequence>
        <linkedObjectSequence>0.0</linkedObjectSequence>
        <name>retailOnboardingGetAccountDetail</name>
        <outputCreationSequence>1.0</outputCreationSequence>
        <outputFieldName>compoundAddress</outputFieldName>
        <outputObjectName>json</outputObjectName>
        <requiredForUpsert>false</requiredForUpsert>
        <upsertKey>false</upsertKey>
    </omniDataTransformItem>
    <omniDataTransformItem>
        <disabled>false</disabled>
        <filterGroup>0.0</filterGroup>
        <globalKey>3e428157-ca9f-43af-93b1-6fe93c4f21b6</globalKey>
        <inputFieldName>Account:BillingCity</inputFieldName>
        <inputObjectQuerySequence>0.0</inputObjectQuerySequence>
        <linkedObjectSequence>0.0</linkedObjectSequence>
        <name>retailOnboardingGetAccountDetail</name>
        <outputCreationSequence>1.0</outputCreationSequence>
        <outputFieldName>billingCity</outputFieldName>
        <outputObjectName>json</outputObjectName>
        <requiredForUpsert>false</requiredForUpsert>
        <upsertKey>false</upsertKey>
    </omniDataTransformItem>
    <omniDataTransformItem>
        <disabled>false</disabled>
        <filterGroup>0.0</filterGroup>
        <globalKey>9693e822-0507-4a96-8e75-242dfe514b38</globalKey>
        <inputFieldName>Account:LastName</inputFieldName>
        <inputObjectQuerySequence>0.0</inputObjectQuerySequence>
        <linkedObjectSequence>0.0</linkedObjectSequence>
        <name>retailOnboardingGetAccountDetail</name>
        <outputCreationSequence>1.0</outputCreationSequence>
        <outputFieldName>lName</outputFieldName>
        <outputObjectName>json</outputObjectName>
        <requiredForUpsert>false</requiredForUpsert>
        <upsertKey>false</upsertKey>
    </omniDataTransformItem>
    <omniDataTransformItem>
        <disabled>false</disabled>
        <filterGroup>0.0</filterGroup>
        <formulaConverted>| | var:Account:BillingPostalCode ISNOTBLANK | | var:Account:CompoundAddress ISNOTBLANK var:Account:CompoundAddress &quot;/\/\//\/\/&quot; + var:Account:BillingPostalCode + var:AccountBillingPostalCode IF | | var:Account:CompoundAddress ISNOTBLANK var:Account:CompoundAddress var:null IF IF</formulaConverted>
        <formulaExpression>IF(ISNOTBLANK(Account:BillingPostalCode), IF(ISNOTBLANK(Account:CompoundAddress), Account:CompoundAddress + &quot;  &quot; + Account:BillingPostalCode, AccountBillingPostalCode), IF(ISNOTBLANK(Account:CompoundAddress), Account:CompoundAddress,null))</formulaExpression>
        <formulaResultPath>Account:fCompoundAddress</formulaResultPath>
        <formulaSequence>4.0</formulaSequence>
        <globalKey>ac7fb35e-8495-4e50-a502-19781377b1df</globalKey>
        <inputObjectQuerySequence>0.0</inputObjectQuerySequence>
        <linkedObjectSequence>0.0</linkedObjectSequence>
        <name>retailOnboardingGetAccountDetail</name>
        <outputCreationSequence>0.0</outputCreationSequence>
        <outputFieldName>Formula</outputFieldName>
        <outputObjectName>Formula</outputObjectName>
        <requiredForUpsert>false</requiredForUpsert>
        <upsertKey>false</upsertKey>
    </omniDataTransformItem>
    <omniDataTransformItem>
        <disabled>false</disabled>
        <filterGroup>0.0</filterGroup>
        <formulaConverted>| var:Account:FirstName &apos;/\/\/&apos; var:Account:LastName CONCAT</formulaConverted>
        <formulaExpression>CONCAT(Account:FirstName,&apos; &apos;, Account:LastName)</formulaExpression>
        <formulaResultPath>fClientName</formulaResultPath>
        <formulaSequence>5.0</formulaSequence>
        <globalKey>fb0117d2-d30e-4a8b-b7ac-cc7203bb5cf3</globalKey>
        <inputObjectQuerySequence>0.0</inputObjectQuerySequence>
        <linkedObjectSequence>0.0</linkedObjectSequence>
        <name>retailOnboardingGetAccountDetail</name>
        <outputCreationSequence>0.0</outputCreationSequence>
        <outputFieldName>Formula</outputFieldName>
        <outputObjectName>Formula</outputObjectName>
        <requiredForUpsert>false</requiredForUpsert>
        <upsertKey>false</upsertKey>
    </omniDataTransformItem>
    <omniDataTransformItem>
        <disabled>false</disabled>
        <filterGroup>0.0</filterGroup>
        <globalKey>d20110b1-ed14-43fc-a079-664c7259f96b</globalKey>
        <inputFieldName>Account:FirstName</inputFieldName>
        <inputObjectQuerySequence>0.0</inputObjectQuerySequence>
        <linkedObjectSequence>0.0</linkedObjectSequence>
        <name>retailOnboardingGetAccountDetail</name>
        <outputCreationSequence>1.0</outputCreationSequence>
        <outputFieldName>ds:fName</outputFieldName>
        <outputObjectName>json</outputObjectName>
        <requiredForUpsert>false</requiredForUpsert>
        <upsertKey>false</upsertKey>
    </omniDataTransformItem>
    <omniDataTransformItem>
        <disabled>false</disabled>
        <filterGroup>0.0</filterGroup>
        <filterOperator>=</filterOperator>
        <filterValue>ContextId</filterValue>
        <globalKey>e465e226-aa0c-4837-a7d8-bca27a85bbb7</globalKey>
        <inputFieldName>Id</inputFieldName>
        <inputObjectName>Account</inputObjectName>
        <inputObjectQuerySequence>1.0</inputObjectQuerySequence>
        <linkedObjectSequence>0.0</linkedObjectSequence>
        <name>retailOnboardingGetAccountDetail</name>
        <outputCreationSequence>0.0</outputCreationSequence>
        <outputFieldName>Account</outputFieldName>
        <outputObjectName>json</outputObjectName>
        <requiredForUpsert>false</requiredForUpsert>
        <upsertKey>false</upsertKey>
    </omniDataTransformItem>
    <outputType>JSON</outputType>
    <previewJsonData>{
  &quot;ContextId&quot; : &quot;001B000001QTvupIAD&quot;
}</previewJsonData>
    <processSuperBulk>false</processSuperBulk>
    <responseCacheTtlMinutes>0.0</responseCacheTtlMinutes>
    <rollbackOnError>false</rollbackOnError>
    <sourceObject>json</sourceObject>
    <sourceObjectDefault>false</sourceObjectDefault>
    <synchronousProcessThreshold>0.0</synchronousProcessThreshold>
    <type>Extract</type>
    <uniqueName>retailOnboardingGetAccountDetail_1</uniqueName>
    <versionNumber>1.0</versionNumber>
    <xmlDeclarationRemoved>false</xmlDeclarationRemoved>
</OmniDataTransform>
