<?xml version="1.0" encoding="UTF-8"?>
<OmniDataTransform xmlns="http://soap.sforce.com/2006/04/metadata">
    <active>false</active>
    <assignmentRulesUsed>false</assignmentRulesUsed>
    <deletedOnSuccess>false</deletedOnSuccess>
    <errorIgnored>false</errorIgnored>
    <expectedInputJson>{
  &quot;ContextId&quot; : &quot;0064V00001SG8buQAD&quot;,
  &quot;omniscriptId&quot; : &quot;0jN4V0000004FFnUAM&quot;,
  &quot;language&quot; : &quot;English&quot;,
  &quot;type&quot; : &quot;FINSCommercial&quot;,
  &quot;runMode&quot; : &quot;preview&quot;,
  &quot;sId&quot; : &quot;0jN4V0000004FFnUAM&quot;,
  &quot;theme&quot; : &quot;lightning&quot;,
  &quot;subType&quot; : &quot;OnboardingRM&quot;,
  &quot;timeStamp&quot; : &quot;2024-08-06T20:27:34.087Z&quot;,
  &quot;userProfile&quot; : &quot;System Administrator&quot;,
  &quot;userTimeZoneName&quot; : &quot;America/Los_Angeles&quot;,
  &quot;userTimeZone&quot; : &quot;-420&quot;,
  &quot;userCurrencyCode&quot; : &quot;USD&quot;,
  &quot;userName&quot; : &quot;admin@nxg-cb-beta-devhub.ido&quot;,
  &quot;userId&quot; : &quot;0054V00000HGk8cQAD&quot;,
  &quot;omniProcessId&quot; : &quot;0jN4V0000004FFnUAM&quot;,
  &quot;localTimeZoneName&quot; : &quot;America/Phoenix&quot;,
  &quot;AccountName&quot; : &quot;United Partners&quot;,
  &quot;AccountPostalCode&quot; : &quot;94105&quot;,
  &quot;AccountId&quot; : &quot;0014V00004NXGbDQAX&quot;,
  &quot;ProductRequestDetails&quot; : {
    &quot;Capital_Markets_Product_Family__c&quot; : &quot;Business Checking Account;Business Savings Account;Treasury and Cash Management Services&quot;,
    &quot;DerivativesForm&quot; : true,
    &quot;FXForm&quot; : true,
    &quot;Formula1&quot; : false,
    &quot;Formula2&quot; : false,
    &quot;Formula3&quot; : false,
    &quot;Formula4&quot; : false,
    &quot;Formula5&quot; : false,
    &quot;Formula6&quot; : false,
    &quot;Formula7&quot; : false,
    &quot;Formula8&quot; : true,
    &quot;Formula9&quot; : false,
    &quot;Formula10&quot; : false,
    &quot;Formula11&quot; : false,
    &quot;Formula12&quot; : false,
    &quot;Formula13&quot; : false,
    &quot;BlkCreateAuthorizedSigner&quot; : null,
    &quot;BlkChooseCurrentSigner&quot; : {
      &quot;TAAuthorizedSigner-Block&quot; : {
        &quot;FINS_Requester_First_Name__c2&quot; : &quot;Julie&quot;,
        &quot;FINS_Requester_Last_Name__c2&quot; : &quot;Morris&quot;,
        &quot;FINS_Requester_Email__c2&quot; : &quot;jmorris@example.com&quot;,
        &quot;FINS_Requester_Telephone__c2&quot; : &quot;8635841901&quot;,
        &quot;Requester_Job_Title__c&quot; : &quot;Commercial Banking Client, Wealth Client, Board Member&quot;,
        &quot;FINS_Requester_Capacity__c2&quot; : &quot;Authorized Signer&quot;,
        &quot;TAAuthorizedSigner&quot; : &quot;Julie Morris&quot;,
        &quot;ChangeContactNameKey&quot; : &quot;Julie Morris&quot;,
        &quot;TxtChooseRequesterTelephone&quot; : &quot;8635841901&quot;,
        &quot;TxtRequesterTitle&quot; : &quot;Commercial Banking Client, Wealth Client, Board Member&quot;,
        &quot;ChangeContactLastName&quot; : &quot;Morris&quot;,
        &quot;ChangeContactFirstName&quot; : &quot;Julie&quot;,
        &quot;ChangeContactId&quot; : &quot;0034V000053QDGLQA4&quot;,
        &quot;ChangeContactEmail&quot; : &quot;jmorris@example.com&quot;
      }
    },
    &quot;FINS_Fund__c&quot; : &quot;United Partners&quot;,
    &quot;RadioWhatDoYouWant&quot; : &quot;Choose Previous Requester&quot;
  }
}</expectedInputJson>
    <fieldLevelSecurityEnabled>false</fieldLevelSecurityEnabled>
    <inputType>JSON</inputType>
    <name>updatePriContact</name>
    <nullInputsIncludedInOutput>false</nullInputsIncludedInOutput>
    <omniDataTransformItem>
        <disabled>false</disabled>
        <filterGroup>0.0</filterGroup>
        <globalKey>updatePriContactCustom9135</globalKey>
        <inputFieldName>ProductRequestDetails:BlkChooseCurrentSigner:TAAuthorizedSigner-Block:ChangeContactId</inputFieldName>
        <inputObjectQuerySequence>0.0</inputObjectQuerySequence>
        <linkedObjectSequence>0.0</linkedObjectSequence>
        <name>updatePriContact</name>
        <outputCreationSequence>1.0</outputCreationSequence>
        <outputFieldName>Id</outputFieldName>
        <outputObjectName>Contact</outputObjectName>
        <requiredForUpsert>true</requiredForUpsert>
        <upsertKey>true</upsertKey>
    </omniDataTransformItem>
    <omniDataTransformItem>
        <disabled>false</disabled>
        <filterGroup>0.0</filterGroup>
        <globalKey>updatePriContactCustom1980</globalKey>
        <inputFieldName>ProductRequestDetails:BlkChooseCurrentSigner:TAAuthorizedSigner-Block:ChangeContactFirstName</inputFieldName>
        <inputObjectQuerySequence>0.0</inputObjectQuerySequence>
        <linkedObjectSequence>0.0</linkedObjectSequence>
        <name>updatePriContact</name>
        <outputCreationSequence>1.0</outputCreationSequence>
        <outputFieldName>FirstName</outputFieldName>
        <outputObjectName>Contact</outputObjectName>
        <requiredForUpsert>false</requiredForUpsert>
        <upsertKey>false</upsertKey>
    </omniDataTransformItem>
    <omniDataTransformItem>
        <disabled>true</disabled>
        <filterGroup>0.0</filterGroup>
        <filterOperator>=</filterOperator>
        <globalKey>updatePriContactCustom2301</globalKey>
        <inputObjectQuerySequence>0.0</inputObjectQuerySequence>
        <linkedObjectSequence>0.0</linkedObjectSequence>
        <migrationValue>FAKEMAPPING</migrationValue>
        <name>updatePriContact</name>
        <outputCreationSequence>1.0</outputCreationSequence>
        <outputFieldName>Id</outputFieldName>
        <outputObjectName>Contact</outputObjectName>
        <requiredForUpsert>false</requiredForUpsert>
        <upsertKey>false</upsertKey>
    </omniDataTransformItem>
    <omniDataTransformItem>
        <disabled>false</disabled>
        <filterGroup>0.0</filterGroup>
        <globalKey>updatePriContactCustom7795</globalKey>
        <inputFieldName>ProductRequestDetails:BlkChooseCurrentSigner:TAAuthorizedSigner-Block:ChangeContactEmail</inputFieldName>
        <inputObjectQuerySequence>0.0</inputObjectQuerySequence>
        <linkedObjectSequence>0.0</linkedObjectSequence>
        <name>updatePriContact</name>
        <outputCreationSequence>1.0</outputCreationSequence>
        <outputFieldName>Email</outputFieldName>
        <outputObjectName>Contact</outputObjectName>
        <requiredForUpsert>false</requiredForUpsert>
        <upsertKey>false</upsertKey>
    </omniDataTransformItem>
    <omniDataTransformItem>
        <disabled>false</disabled>
        <filterGroup>0.0</filterGroup>
        <globalKey>updatePriContactCustom918</globalKey>
        <inputFieldName>ProductRequestDetails:BlkChooseCurrentSigner:TAAuthorizedSigner-Block:ChangeContactLastName</inputFieldName>
        <inputObjectQuerySequence>0.0</inputObjectQuerySequence>
        <linkedObjectSequence>0.0</linkedObjectSequence>
        <name>updatePriContact</name>
        <outputCreationSequence>1.0</outputCreationSequence>
        <outputFieldName>LastName</outputFieldName>
        <outputObjectName>Contact</outputObjectName>
        <requiredForUpsert>false</requiredForUpsert>
        <upsertKey>false</upsertKey>
    </omniDataTransformItem>
    <omniDataTransformItem>
        <disabled>false</disabled>
        <filterGroup>0.0</filterGroup>
        <globalKey>updatePriContactCustom5373</globalKey>
        <inputFieldName>ProductRequestDetails:BlkChooseCurrentSigner:TAAuthorizedSigner-Block:TxtChooseRequesterTelephone</inputFieldName>
        <inputObjectQuerySequence>0.0</inputObjectQuerySequence>
        <linkedObjectSequence>0.0</linkedObjectSequence>
        <name>updatePriContact</name>
        <outputCreationSequence>1.0</outputCreationSequence>
        <outputFieldName>Phone</outputFieldName>
        <outputObjectName>Contact</outputObjectName>
        <requiredForUpsert>false</requiredForUpsert>
        <upsertKey>false</upsertKey>
    </omniDataTransformItem>
    <outputType>SObject</outputType>
    <processSuperBulk>false</processSuperBulk>
    <responseCacheTtlMinutes>0.0</responseCacheTtlMinutes>
    <rollbackOnError>false</rollbackOnError>
    <sourceObject>json</sourceObject>
    <sourceObjectDefault>false</sourceObjectDefault>
    <synchronousProcessThreshold>0.0</synchronousProcessThreshold>
    <type>Load</type>
    <uniqueName>updatePriContact_1</uniqueName>
    <versionNumber>1.0</versionNumber>
    <xmlDeclarationRemoved>false</xmlDeclarationRemoved>
</OmniDataTransform>
